
> oos-cli@0.1.0 test
> node --no-warnings --test tests/**/*.test.js tests/integration/proxy-time-slot-weight.test.js

TAP version 13
# Subtest: CLI Integration - profile export
    # Subtest: basic export
        # Subtest: should export profile to current directory with .export.json suffix
        ok 1 - should export profile to current directory with .export.json suffix
          ---
          duration_ms: 1492.8555
          ...
        # Subtest: should export file with correct structure: version, exportedAt, profile, template, variables
        ok 2 - should export file with correct structure: version, exportedAt, profile, template, variables
          ---
          duration_ms: 935.3157
          ...
        1..2
    ok 1 - basic export
      ---
      duration_ms: 2429.825
      type: 'suite'
      ...
    # Subtest: custom output path (-o option)
        # Subtest: should export profile to custom path when -o is specified
        ok 1 - should export profile to custom path when -o is specified
          ---
          duration_ms: 804.6116
          ...
        # Subtest: should create parent directories for custom output path if needed
        ok 2 - should create parent directories for custom output path if needed
          ---
          duration_ms: 787.1841
          ...
        # Subtest: should support --output as alias for -o
        ok 3 - should support --output as alias for -o
          ---
          duration_ms: 825.6495
          ...
        1..3
    ok 2 - custom output path (-o option)
      ---
      duration_ms: 2417.9859
      type: 'suite'
      ...
    # Subtest: error cases
        # Subtest: should error when exporting non-existent profile
        ok 1 - should error when exporting non-existent profile
          ---
          duration_ms: 770.1055
          ...
        # Subtest: should error when profile name is missing
        ok 2 - should error when profile name is missing
          ---
          duration_ms: 757.3776
          ...
        1..2
    ok 3 - error cases
      ---
      duration_ms: 1527.7968
      type: 'suite'
      ...
    # Subtest: file content validation
        # Subtest: should preserve template object structure in export
        ok 1 - should preserve template object structure in export
          ---
          duration_ms: 779.9238
          ...
        # Subtest: should export valid JSON that can be parsed
        ok 2 - should export valid JSON that can be parsed
          ---
          duration_ms: 766.9966
          ...
        1..2
    ok 4 - file content validation
      ---
      duration_ms: 1547.1889
      type: 'suite'
      ...
    1..4
ok 1 - CLI Integration - profile export
  ---
  duration_ms: 7923.9547
  type: 'suite'
  ...
# Subtest: CLI Import Command
    # Subtest: Successful import
        # Subtest: should import from a valid export file
        ok 1 - should import from a valid export file
          ---
          duration_ms: 1095.1445
          ...
        1..1
    ok 1 - Successful import
      ---
      duration_ms: 1096.3639
      type: 'suite'
      ...
    # Subtest: Error cases
        # Subtest: should error when importing a non-existent file
        ok 1 - should error when importing a non-existent file
          ---
          duration_ms: 712.9509
          ...
        # Subtest: should error when importing invalid JSON
        ok 2 - should error when importing invalid JSON
          ---
          duration_ms: 570.551
          ...
        1..2
    ok 2 - Error cases
      ---
      duration_ms: 1284.0909
      type: 'suite'
      ...
    1..2
ok 2 - CLI Import Command
  ---
  duration_ms: 2382.1083
  type: 'suite'
  ...
# Subtest: CLI Integration
    # Subtest: Help commands
        # Subtest: should display help when --help is used
        ok 1 - should display help when --help is used
          ---
          duration_ms: 567.1778
          ...
        # Subtest: should display version when --version is used
        ok 2 - should display version when --version is used
          ---
          duration_ms: 469.203
          ...
        # Subtest: should display profile help when profile --help is used
        ok 3 - should display profile help when profile --help is used
          ---
          duration_ms: 391.8112
          ...
        1..3
    ok 1 - Help commands
      ---
      duration_ms: 1429.8007
      type: 'suite'
      ...
    1..1
ok 3 - CLI Integration
  ---
  duration_ms: 1430.4808
  type: 'suite'
  ...
# Subtest: init command integration tests
    # Subtest: should create default-template profile on first initialization
    ok 1 - should create default-template profile on first initialization
      ---
      duration_ms: 665.7119
      ...
    # Subtest: should not overwrite existing default-template profile on repeated initialization
    ok 2 - should not overwrite existing default-template profile on repeated initialization
      ---
      duration_ms: 894.9015
      ...
    # Subtest: should keep activeProfile as null after initialization
    ok 3 - should keep activeProfile as null after initialization
      ---
      duration_ms: 377.9126
      ...
    # Subtest: should create correct template.json and variables.json for default-template
    ok 4 - should create correct template.json and variables.json for default-template
      ---
      duration_ms: 325.0473
      ...
    # Subtest: should not overwrite existing default-template profile on repeated initialization
    ok 5 - should not overwrite existing default-template profile on repeated initialization
      ---
      duration_ms: 551.3572
      ...
    # Subtest: should keep activeProfile as null after initialization
    ok 6 - should keep activeProfile as null after initialization
      ---
      duration_ms: 304.3475
      ...
    # Subtest: should create correct template.json and variables.json for default-template
    ok 7 - should create correct template.json and variables.json for default-template
      ---
      duration_ms: 297.4976
      ...
    1..7
ok 4 - init command integration tests
  ---
  duration_ms: 3419.1874
  type: 'suite'
  ...
# Subtest: Failover with Circuit Breaker
    # Subtest: should fail over to circuit-available provider when baidu fails
    ok 1 - should fail over to circuit-available provider when baidu fails
      ---
      duration_ms: 7.3357
      ...
    # Subtest: should skip all circuit-broken upstreams during failover
    ok 2 - should skip all circuit-broken upstreams during failover
      ---
      duration_ms: 1.1298
      ...
    1..2
ok 5 - Failover with Circuit Breaker
  ---
  duration_ms: 9.8686
  type: 'suite'
  ...
# Subtest: Upstream Request Count Tracking
    # Subtest: should increment request count on each routeRequest()
    ok 1 - should increment request count on each routeRequest()
      ---
      duration_ms: 7.4424
      ...
    # Subtest: should track requests per upstream
    ok 2 - should track requests per upstream
      ---
      duration_ms: 5.5787
      ...
    # Subtest: should reset counts on resetRoundRobinCounters()
    ok 3 - should reset counts on resetRoundRobinCounters()
      ---
      duration_ms: 1.5635
      ...
    1..3
ok 6 - Upstream Request Count Tracking
  ---
  duration_ms: 16.7887
  type: 'suite'
  ...
# Subtest: Sticky Session Soft Rotation
    # Subtest: should keep session on same upstream before 10 requests
    ok 1 - should keep session on same upstream before 10 requests
      ---
      duration_ms: 4.1561
      ...
    # Subtest: should check for rotation at 10th request
    ok 2 - should check for rotation at 10th request
      ---
      duration_ms: 2.735
      ...
    # Subtest: should distribute new sessions to least loaded upstream
    ok 3 - should distribute new sessions to least loaded upstream
      ---
      duration_ms: 1.4879
      ...
    1..3
ok 7 - Sticky Session Soft Rotation
  ---
  duration_ms: 8.8437
  type: 'suite'
  ...
# Subtest: Session Count Tracking
    # Subtest: should track session counts per upstream
    ok 1 - should track session counts per upstream
      ---
      duration_ms: 0.8631
      ...
    1..1
ok 8 - Session Count Tracking
  ---
  duration_ms: 1.1269
  type: 'suite'
  ...
# Traffic distribution: {
#   'provider-a': 33,
#   'provider-b': 33,
#   'provider-c': 31.3,
#   'provider-d': 2.7
# }
# Phase 1 distribution (weight=8): { 'provider-a': 92.60000000000001, 'provider-b': 7.3999999999999995 }
# Phase 2 distribution (weight=100): { 'provider-a': 50, 'provider-b': 50 }
# Traffic increase: 7.40% → 50.00%
# New sessions: provider-a=17, provider-b=83
# Subtest: Integration – Sticky Strategy Weight Distribution
    # Subtest: real user scenario: weight=100, 100, 95, 8 distributes traffic correctly
    ok 1 - real user scenario: weight=100, 100, 95, 8 distributes traffic correctly
      ---
      duration_ms: 114.9411
      ...
    # Subtest: weight recovery: traffic redistributes when weight changes from 8 to 100
    ok 2 - weight recovery: traffic redistributes when weight changes from 8 to 100
      ---
      duration_ms: 46.4649
      ...
    # Subtest: session stickiness maintained during weight adjustments
    ok 3 - session stickiness maintained during weight adjustments
      ---
      duration_ms: 30.0739
      ...
# Request counts: { 'provider-a': 75, 'provider-b': 75 }
    # Subtest: sliding window request counting filters old requests
    ok 4 - sliding window request counting filters old requests
      ---
      duration_ms: 119.6299
      ...
    1..4
ok 9 - Integration – Sticky Strategy Weight Distribution
  ---
  duration_ms: 313.0721
  type: 'suite'
  ...
# 15:00 weights: { low: 1, peak: 0.5, night: 0.5 } 03:00 weights: { low: 1, peak: 2, night: 2 }
# Subtest: Integration – Time Slot Weight Feature
    # Subtest: Calculator → Tracker weight pipeline
        # Subtest: total error < 1% always yields weight 1.0
        ok 1 - total error < 1% always yields weight 1.0
          ---
          duration_ms: 38.5112
          ...
        # Subtest: danger hour yields 0.5 multiplier
        ok 2 - danger hour yields 0.5 multiplier
          ---
          duration_ms: 23.9383
          ...
        # Subtest: normal hour yields 2.0 multiplier
        ok 3 - normal hour yields 2.0 multiplier
          ---
          duration_ms: 13.7187
          ...
        # Subtest: insufficient data (< 7 days) yields 1.0
        ok 4 - insufficient data (< 7 days) yields 1.0
          ---
          duration_ms: 6.9729
          ...
        # Subtest: unknown provider yields 1.0
        ok 5 - unknown provider yields 1.0
          ---
          duration_ms: 0.5931
          ...
        1..5
    ok 1 - Calculator → Tracker weight pipeline
      ---
      duration_ms: 85.252
      type: 'suite'
      ...
    # Subtest: 24-hour weight profile simulation
        # Subtest: provider with danger hours 9-11 & 14-16, normal hours 2-4
        ok 1 - provider with danger hours 9-11 & 14-16, normal hours 2-4
          ---
          duration_ms: 26.04
          ...
        # Subtest: expected traffic distribution at danger vs normal hours
        ok 2 - expected traffic distribution at danger vs normal hours
          ---
          duration_ms: 26.8589
          ...
        1..2
    ok 2 - 24-hour weight profile simulation
      ---
      duration_ms: 53.435
      type: 'suite'
      ...
    # Subtest: Multiple providers with distinct error patterns
        # Subtest: three providers get correct weights at different hours
        ok 1 - three providers get correct weights at different hours
          ---
          duration_ms: 34.6461
          ...
        1..1
    ok 3 - Multiple providers with distinct error patterns
      ---
      duration_ms: 34.8749
      type: 'suite'
      ...
    # Subtest: Router config: enabled vs disabled
        # Subtest: disabled config: traffic splits ~50/50 regardless of provider error
        ok 1 - disabled config: traffic splits ~50/50 regardless of provider error
          ---
          duration_ms: 35.7408
          ...
        # Subtest: enabled config with no tracker data: traffic still splits ~50/50
        ok 2 - enabled config with no tracker data: traffic still splits ~50/50
          ---
          duration_ms: 15.7601
          ...
        # Subtest: route config validation accepts timeSlotWeight
        ok 3 - route config validation accepts timeSlotWeight
          ---
          duration_ms: 0.8128
          ...
        # Subtest: route config defaults timeSlotWeight.enabled to true
        ok 4 - route config defaults timeSlotWeight.enabled to true
          ---
          duration_ms: 0.4524
          ...
        1..4
    ok 4 - Router config: enabled vs disabled
      ---
      duration_ms: 53.1199
      type: 'suite'
      ...
    # Subtest: Configuration parameters
        # Subtest: strict thresholds trigger danger; lenient thresholds do not
        ok 1 - strict thresholds trigger danger; lenient thresholds do not
          ---
          duration_ms: 14.3229
          ...
        # Subtest: getAllHourWeights returns correct 24-hour profile
        ok 2 - getAllHourWeights returns correct 24-hour profile
          ---
          duration_ms: 25.093
          ...
        1..2
    ok 5 - Configuration parameters
      ---
      duration_ms: 39.6218
      type: 'suite'
      ...
    # Subtest: Edge cases
        # Subtest: tracker persists and loads data correctly
        not ok 1 - tracker persists and loads data correctly
          ---
          duration_ms: 63.1359
          location: 'D:\\projects\\code\\oh-my-opencode-switch\\tests\\integration\\proxy-time-slot-weight.test.js:497:5'
          failureType: 'testCodeFailure'
          error: 'getProxyTimeSlotsPath is not a function'
          code: 'ERR_TEST_FAILURE'
          name: 'TypeError'
          stack: |-
            TestContext.<anonymous> (file:///D:/projects/code/oh-my-opencode-switch/tests/integration/proxy-time-slot-weight.test.js:519:20)
            async Test.run (node:internal/test_runner/test:932:9)
            async Promise.all (index 0)
            async Suite.run (node:internal/test_runner/test:1310:7)
            async Suite.processPendingSubtests (node:internal/test_runner/test:629:7)
          ...
        # Subtest: calculator.updateConfig changes behavior
        ok 2 - calculator.updateConfig changes behavior
          ---
          duration_ms: 13.3102
          ...
        # Subtest: tracker cleanup removes old data
        ok 3 - tracker cleanup removes old data
          ---
          duration_ms: 12.7609
          ...
        1..3
    not ok 6 - Edge cases
      ---
      duration_ms: 89.589
      type: 'suite'
      location: 'D:\\projects\\code\\oh-my-opencode-switch\\tests\\integration\\proxy-time-slot-weight.test.js:496:3'
      failureType: 'subtestsFailed'
      error: '1 subtest failed'
      code: 'ERR_TEST_FAILURE'
      ...
    # Subtest: CLI command: oos proxy time-slots
        # Subtest: CLI shows correct stats for providers with different error patterns
        not ok 1 - CLI shows correct stats for providers with different error patterns
          ---
          duration_ms: 91.6725
          location: 'D:\\projects\\code\\oh-my-opencode-switch\\tests\\integration\\proxy-time-slot-weight.test.js:570:5'
          failureType: 'testCodeFailure'
          error: 'getProxyTimeSlotsPath is not a function'
          code: 'ERR_TEST_FAILURE'
          name: 'TypeError'
          stack: |-
            TestContext.<anonymous> (file:///D:/projects/code/oh-my-opencode-switch/tests/integration/proxy-time-slot-weight.test.js:664:22)
            async Test.run (node:internal/test_runner/test:932:9)
            async Promise.all (index 0)
            async Suite.run (node:internal/test_runner/test:1310:7)
            async Suite.processPendingSubtests (node:internal/test_runner/test:629:7)
          ...
        # Subtest: CLI with provider filter shows only specified provider
        not ok 2 - CLI with provider filter shows only specified provider
          ---
          duration_ms: 35.5737
          location: 'D:\\projects\\code\\oh-my-opencode-switch\\tests\\integration\\proxy-time-slot-weight.test.js:671:5'
          failureType: 'testCodeFailure'
          error: 'getProxyTimeSlotsPath is not a function'
          code: 'ERR_TEST_FAILURE'
          name: 'TypeError'
          stack: |-
            TestContext.<anonymous> (file:///D:/projects/code/oh-my-opencode-switch/tests/integration/proxy-time-slot-weight.test.js:701:22)
            async Test.run (node:internal/test_runner/test:932:9)
            async Suite.processPendingSubtests (node:internal/test_runner/test:629:7)
          ...
        # Subtest: CLI handles no data gracefully
        not ok 3 - CLI handles no data gracefully
          ---
          duration_ms: 1.1604
          location: 'D:\\projects\\code\\oh-my-opencode-switch\\tests\\integration\\proxy-time-slot-weight.test.js:708:5'
          failureType: 'testCodeFailure'
          error: 'getProxyTimeSlotsPath is not a function'
          code: 'ERR_TEST_FAILURE'
          name: 'TypeError'
          stack: |-
            TestContext.<anonymous> (file:///D:/projects/code/oh-my-opencode-switch/tests/integration/proxy-time-slot-weight.test.js:713:24)
            async Test.run (node:internal/test_runner/test:932:9)
            async Suite.processPendingSubtests (node:internal/test_runner/test:629:7)
          ...
        # Subtest: CLI handles nonexistent provider filter gracefully
        not ok 4 - CLI handles nonexistent provider filter gracefully
          ---
          duration_ms: 0.646
          location: 'D:\\projects\\code\\oh-my-opencode-switch\\tests\\integration\\proxy-time-slot-weight.test.js:752:5'
          failureType: 'testCodeFailure'
          error: 'getProxyTimeSlotsPath is not a function'
          code: 'ERR_TEST_FAILURE'
          name: 'TypeError'
          stack: |-
            TestContext.<anonymous> (file:///D:/projects/code/oh-my-opencode-switch/tests/integration/proxy-time-slot-weight.test.js:757:24)
            async Test.run (node:internal/test_runner/test:932:9)
            async Suite.processPendingSubtests (node:internal/test_runner/test:629:7)
          ...
        1..4
    not ok 7 - CLI command: oos proxy time-slots
      ---
      duration_ms: 129.4217
      type: 'suite'
      location: 'D:\\projects\\code\\oh-my-opencode-switch\\tests\\integration\\proxy-time-slot-weight.test.js:569:3'
      failureType: 'subtestsFailed'
      error: '4 subtests failed'
      code: 'ERR_TEST_FAILURE'
      ...
    1..7
not ok 10 - Integration – Time Slot Weight Feature
  ---
  duration_ms: 486.7621
  type: 'suite'
  location: 'D:\\projects\\code\\oh-my-opencode-switch\\tests\\integration\\proxy-time-slot-weight.test.js:116:1'
  failureType: 'subtestsFailed'
  error: '2 subtests failed'
  code: 'ERR_TEST_FAILURE'
  ...
# [proxy] server listening on port 29831
# Subtest: Proxy TTFB Integration
    # Subtest: should forward streaming request and return correct SSE data
    ok 1 - should forward streaming request and return correct SSE data
      ---
      duration_ms: 150.0106
      ...
    # Subtest: should log ttfb and duration for streaming response
    ok 2 - should log ttfb and duration for streaming response
      ---
      duration_ms: 217.6622
      ...
    # Subtest: should log multiple requests with increasing ttfb/duration
    ok 3 - should log multiple requests with increasing ttfb/duration
      ---
      duration_ms: 638.0482
      ...
    # Subtest: should calculate ttfb stats from log entries
    ok 4 - should calculate ttfb stats from log entries
      ---
      duration_ms: 7.1097
      ...
    # Subtest: should parse time range for stats query
    ok 5 - should parse time range for stats query
      ---
      duration_ms: 0.5163
      ...
# [proxy] server shut down
    # Subtest: should integrate logAccess output with generateStats
    ok 6 - should integrate logAccess output with generateStats
      ---
      duration_ms: 232.571
      ...
    1..6
ok 11 - Proxy TTFB Integration
  ---
  duration_ms: 1271.4135
  type: 'suite'
  ...
# Subtest: Integration – Weight Reduction on 429 Errors
    # Subtest: single 429 error reduces weight by configured reduction amount
    ok 1 - single 429 error reduces weight by configured reduction amount
      ---
      duration_ms: 2.6794
      ...
    # Subtest: multiple 429 errors accumulate weight reduction
    ok 2 - multiple 429 errors accumulate weight reduction
      ---
      duration_ms: 0.7304
      ...
    # Subtest: getErrorRate returns correct count for multiple error types
    ok 3 - getErrorRate returns correct count for multiple error types
      ---
      duration_ms: 0.7758
      ...
    # Subtest: weight recovery via setDynamicWeight increases weight back up
    ok 4 - weight recovery via setDynamicWeight increases weight back up
      ---
      duration_ms: 0.8859
      ...
    # Subtest: weight does not go below configured minWeight for reduction
    ok 5 - weight does not go below configured minWeight for reduction
      ---
      duration_ms: 0.6829
      ...
    # Subtest: 429 errors outside errorWindowMs are not counted
    ok 6 - 429 errors outside errorWindowMs are not counted
      ---
      duration_ms: 26.0513
      ...
    # Subtest: multiple upstreams with 429 errors each get weight reduced
    ok 7 - multiple upstreams with 429 errors each get weight reduced
      ---
      duration_ms: 2.0242
      ...
    # Subtest: when errorWeightReduction is disabled, 429 does not reduce weight
    ok 8 - when errorWeightReduction is disabled, 429 does not reduce weight
      ---
      duration_ms: 0.4393
      ...
    1..8
ok 12 - Integration – Weight Reduction on 429 Errors
  ---
  duration_ms: 36.4272
  type: 'suite'
  ...
# Subtest: updateTemplate integration tests
    # Subtest: updateTemplate from specified profile
        # Subtest: should update all profiles with matching oosVersionTag
        ok 1 - should update all profiles with matching oosVersionTag
          ---
          duration_ms: 313.7853
          ...
        1..1
    ok 1 - updateTemplate from specified profile
      ---
      duration_ms: 315.1074
      type: 'suite'
      ...
    # Subtest: updateTemplate from init.js (--default)
        # Subtest: should update all profiles matching default template name
        ok 1 - should update all profiles matching default template name
          ---
          duration_ms: 154.2172
          ...
        1..1
    ok 2 - updateTemplate from init.js (--default)
      ---
      duration_ms: 154.7394
      type: 'suite'
      ...
    # Subtest: updateTemplate skips non-matching profiles
        # Subtest: should not update profiles with different template names
        ok 1 - should not update profiles with different template names
          ---
          duration_ms: 132.5004
          ...
        1..1
    ok 3 - updateTemplate skips non-matching profiles
      ---
      duration_ms: 133.206
      type: 'suite'
      ...
    # Subtest: updateTemplate creates backups
        # Subtest: should create .bak file before updating template
        ok 1 - should create .bak file before updating template
          ---
          duration_ms: 99.8141
          ...
        1..1
    ok 4 - updateTemplate creates backups
      ---
      duration_ms: 100.6375
      type: 'suite'
      ...
    # Subtest: updateTemplate returns empty arrays when no matches
        # Subtest: should return empty arrays when no profiles match template name
        ok 1 - should return empty arrays when no profiles match template name
          ---
          duration_ms: 123.7074
          ...
        1..1
    ok 5 - updateTemplate returns empty arrays when no matches
      ---
      duration_ms: 124.0478
      type: 'suite'
      ...
    # Subtest: updateTemplate continues on individual failures
        # Subtest: should continue updating other profiles when one fails
        ok 1 - should continue updating other profiles when one fails
          ---
          duration_ms: 82.3103
          ...
        1..1
    ok 6 - updateTemplate continues on individual failures
      ---
      duration_ms: 82.5943
      type: 'suite'
      ...
    # Subtest: CLI error handling
        # Subtest: should error with no args and no --default
        ok 1 - should error with no args and no --default
          ---
          duration_ms: 8.58
          ...
        1..1
    ok 7 - CLI error handling
      ---
      duration_ms: 8.8597
      type: 'suite'
      ...
    # Subtest: variables.json unchanged after update
        # Subtest: should not modify variables.json when updating template
        ok 1 - should not modify variables.json when updating template
          ---
          duration_ms: 75.4365
          ...
        1..1
    ok 8 - variables.json unchanged after update
      ---
      duration_ms: 75.6534
      type: 'suite'
      ...
    # Subtest: error cases
        # Subtest: should error when source profile has no oosVersionTag
        ok 1 - should error when source profile has no oosVersionTag
          ---
          duration_ms: 28.3176
          ...
        # Subtest: should error when source profile does not exist
        ok 2 - should error when source profile does not exist
          ---
          duration_ms: 6.5561
          ...
        1..2
    ok 9 - error cases
      ---
      duration_ms: 35.1801
      type: 'suite'
      ...
    # Subtest: profiles without oosVersionTag
        # Subtest: should skip profiles without oosVersionTag
        ok 1 - should skip profiles without oosVersionTag
          ---
          duration_ms: 55.2728
          ...
        1..1
    ok 10 - profiles without oosVersionTag
      ---
      duration_ms: 55.4867
      type: 'suite'
      ...
    1..10
ok 13 - updateTemplate integration tests
  ---
  duration_ms: 1087.6062
  type: 'suite'
  ...
# Subtest: updateTemplate CLI integration tests
    # Subtest: should error when called with no profileName and no --default
    ok 1 - should error when called with no profileName and no --default
      ---
      duration_ms: 321.6705
      ...
    1..1
ok 14 - updateTemplate CLI integration tests
  ---
  duration_ms: 321.8741
  type: 'suite'
  ...
# [proxy] server listening on port 19830
# [proxy] server shut down
# [proxy] server listening on port 19831
# [proxy] server shut down
# [proxy] server listening on port 19832
# [proxy] server shut down
# [proxy] server listening on port 19833
# [proxy] server shut down
# [proxy] server listening on port 19835
# [proxy] server shut down
# [proxy] server listening on port 19836
# Subtest: E2E – Proxy Server
    # Subtest: Server lifecycle
        # Subtest: starts and listens on the specified port
        ok 1 - starts and listens on the specified port
          ---
          duration_ms: 13.3164
          ...
        # Subtest: shuts down cleanly
        ok 2 - shuts down cleanly
          ---
          duration_ms: 4.6941
          ...
        # Subtest: throws when port is already in use
        ok 3 - throws when port is already in use
          ---
          duration_ms: 6.2406
          ...
        # Subtest: isPortAvailable returns false for occupied port
        ok 4 - isPortAvailable returns false for occupied port
          ---
          duration_ms: 4.2274
          ...
        # Subtest: isPortAvailable returns true for free port
        ok 5 - isPortAvailable returns true for free port
          ---
          duration_ms: 1.9815
          ...
        # Subtest: shutdownServer is idempotent on already-stopped server
        ok 6 - shutdownServer is idempotent on already-stopped server
          ---
          duration_ms: 5.6144
          ...
# [proxy] server shut down
        # Subtest: returns 404 when no requestHandler is configured
# [proxy] server listening on port 19838
        ok 7 - returns 404 when no requestHandler is configured
          ---
          duration_ms: 35.8996
          ...
        1..7
    ok 1 - Server lifecycle
      ---
      duration_ms: 74.2666
      type: 'suite'
      ...
    # Subtest: Request routing
        # Subtest: routes valid model to upstream
        ok 1 - routes valid model to upstream
          ---
          duration_ms: 14.8199
          ...
# [proxy] server listening on port 19840
        # Subtest: returns 404 for unknown model
        ok 2 - returns 404 for unknown model
          ---
          duration_ms: 5.5163
          ...
# [proxy] upstream request error: connect ECONNREFUSED 127.0.0.1:19839
# [proxy] server shut down
# [proxy] server shut down
        # Subtest: returns 502 when upstream is unreachable
        ok 3 - returns 502 when upstream is unreachable
          ---
          duration_ms: 12.6737
          ...
        1..3
# [proxy] server listening on port 19843
    ok 2 - Request routing
      ---
      duration_ms: 42.272
      type: 'suite'
      ...
    # Subtest: Sticky session routing
        # Subtest: 5 requests with same session header hit the same upstream
        ok 1 - 5 requests with same session header hit the same upstream
          ---
          duration_ms: 25.4403
          ...
        # Subtest: different sessions may hit different upstreams
        ok 2 - different sessions may hit different upstreams
          ---
          duration_ms: 56.6185
          ...
# [proxy] server shut down
        # Subtest: sticky session works with x-session-affinity header
        ok 3 - sticky session works with x-session-affinity header
          ---
          duration_ms: 7.0387
          ...
        1..3
    ok 3 - Sticky session routing
      ---
      duration_ms: 97.916
      type: 'suite'
      ...
    # Subtest: Circuit breaker
        # Subtest: starts in CLOSED state
        ok 1 - starts in CLOSED state
          ---
          duration_ms: 0.8644
          ...
        # Subtest: stays CLOSED after fewer failures than threshold
        ok 2 - stays CLOSED after fewer failures than threshold
          ---
          duration_ms: 0.3915
          ...
        # Subtest: trips to OPEN after reaching failure threshold
        ok 3 - trips to OPEN after reaching failure threshold
          ---
          duration_ms: 0.3289
          ...
        # Subtest: success resets failure count and state
        ok 4 - success resets failure count and state
          ---
          duration_ms: 0.4199
          ...
        # Subtest: OPEN → HALF_OPEN after cooldown
        ok 5 - OPEN → HALF_OPEN after cooldown
          ---
          duration_ms: 162.5357
          ...
        # Subtest: HALF_OPEN → OPEN on probe failure
        ok 6 - HALF_OPEN → OPEN on probe failure
          ---
          duration_ms: 155.9097
          ...
        # Subtest: HALF_OPEN → CLOSED on probe success
# [proxy] server listening on port 19845
        ok 7 - HALF_OPEN → CLOSED on probe success
          ---
          duration_ms: 155.2039
          ...
        # Subtest: providers are tracked independently
        ok 8 - providers are tracked independently
          ---
          duration_ms: 0.4185
          ...
        # Subtest: CircuitBreakerError has correct properties
        ok 9 - CircuitBreakerError has correct properties
          ---
          duration_ms: 1.0869
          ...
        # Subtest: reset() clears all provider state
        ok 10 - reset() clears all provider state
          ---
          duration_ms: 0.3118
          ...
        # Subtest: reset(providerId) clears only that provider
        ok 11 - reset(providerId) clears only that provider
          ---
          duration_ms: 0.4365
          ...
# [proxy] server shut down
        # Subtest: integration: circuit breaker blocks requests to failing provider
# [proxy] server listening on port 19847
        ok 12 - integration: circuit breaker blocks requests to failing provider
          ---
          duration_ms: 25.5032
          ...
        1..12
    ok 4 - Circuit breaker
      ---
      duration_ms: 504.3942
      type: 'suite'
      ...
    # Subtest: SSE streaming
        # Subtest: streams SSE events through the proxy
        ok 1 - streams SSE events through the proxy
          ---
          duration_ms: 6.2466
          ...
        # Subtest: SSE response contains all events
        ok 2 - SSE response contains all events
          ---
          duration_ms: 3.2637
          ...
# [proxy] server shut down
        # Subtest: SSE headers include no-cache
        ok 3 - SSE headers include no-cache
          ---
          duration_ms: 4.7395
          ...
        1..3
    ok 5 - SSE streaming
      ---
      duration_ms: 20.5109
      type: 'suite'
      ...
    # Subtest: Router integration
        # Subtest: getRouteForModel returns null for empty model
        ok 1 - getRouteForModel returns null for empty model
          ---
          duration_ms: 0.5294
          ...
        # Subtest: getRouteForModel returns null for invalid config
        ok 2 - getRouteForModel returns null for invalid config
          ---
          duration_ms: 0.3807
          ...
        # Subtest: getAvailableModels returns model names
        ok 3 - getAvailableModels returns model names
          ---
          duration_ms: 0.2885
          ...
        # Subtest: round-robin cycles through upstreams
        ok 4 - round-robin cycles through upstreams
          ---
          duration_ms: 1.7011
          ...
        # Subtest: getSessionId extracts from x-opencode-session header
        ok 5 - getSessionId extracts from x-opencode-session header
          ---
          duration_ms: 0.2693
          ...
        # Subtest: getSessionId extracts from x-session-affinity header
        ok 6 - getSessionId extracts from x-session-affinity header
          ---
          duration_ms: 0.2379
          ...
        # Subtest: getSessionId generates ID when no session header
        ok 7 - getSessionId generates ID when no session header
          ---
          duration_ms: 0.4325
          ...
        # Subtest: x-opencode-session takes priority over x-session-affinity
        ok 8 - x-opencode-session takes priority over x-session-affinity
          ---
          duration_ms: 0.2635
          ...
        1..8
    ok 6 - Router integration
      ---
      duration_ms: 4.6617
      type: 'suite'
      ...
    1..6
ok 15 - E2E – Proxy Server
  ---
  duration_ms: 747.2176
  type: 'suite'
  ...
# [proxy] server listening on port 19902
# [proxy] server shut down
# Subtest: Edge Cases – Proxy
    # Subtest: All providers unavailable (circuit-broken)
        # Subtest: returns 503 when all upstreams are circuit-broken
        ok 1 - returns 503 when all upstreams are circuit-broken
          ---
          duration_ms: 41.9649
          ...
# [proxy] server listening on port 19904
        1..1
    ok 1 - All providers unavailable (circuit-broken)
      ---
      duration_ms: 66.352
      type: 'suite'
      ...
    # Subtest: Invalid model name
        # Subtest: returns 404 for unknown model with available models list
        ok 1 - returns 404 for unknown model with available models list
          ---
          duration_ms: 6.7465
          ...
        # Subtest: returns 400 for empty string model (falsy check catches it before routing)
        ok 2 - returns 400 for empty string model (falsy check catches it before routing)
          ---
          duration_ms: 6.3569
          ...
# [proxy] server shut down
        # Subtest: valid model still works after invalid requests
        ok 3 - valid model still works after invalid requests
          ---
          duration_ms: 8.1036
          ...
# [proxy] server listening on port 19905
        1..3
# [proxy] server shut down
    ok 2 - Invalid model name
      ---
      duration_ms: 28.0688
      type: 'suite'
      ...
# [proxy] server listening on port 19906
# [proxy] server shut down
    # Subtest: Port conflict
        # Subtest: createServer throws descriptive error for occupied port
        ok 1 - createServer throws descriptive error for occupied port
          ---
          duration_ms: 5.5547
          ...
# [proxy] server listening on port 19908
        # Subtest: isPortAvailable returns correct state before and after binding
        ok 2 - isPortAvailable returns correct state before and after binding
          ---
          duration_ms: 6.8637
          ...
        1..2
    ok 3 - Port conflict
      ---
      duration_ms: 12.9152
      type: 'suite'
      ...
    # Subtest: Config parsing errors
        # Subtest: validateRoutesConfig rejects empty upstreams array
        ok 1 - validateRoutesConfig rejects empty upstreams array
          ---
          duration_ms: 1.055
          ...
        # Subtest: validateRoutesConfig rejects missing baseURL
        ok 2 - validateRoutesConfig rejects missing baseURL
          ---
          duration_ms: 0.4877
          ...
        # Subtest: validateRoutesConfig rejects missing upstream id
        ok 3 - validateRoutesConfig rejects missing upstream id
          ---
          duration_ms: 0.7661
          ...
        # Subtest: validateRoutesConfig rejects invalid strategy
        ok 4 - validateRoutesConfig rejects invalid strategy
          ---
          duration_ms: 0.5084
          ...
        # Subtest: validateRoutesConfig accepts valid config
        ok 5 - validateRoutesConfig accepts valid config
          ---
          duration_ms: 0.3345
          ...
        # Subtest: validateRoutesConfig rejects null config
        ok 6 - validateRoutesConfig rejects null config
          ---
          duration_ms: 1.9993
          ...
        # Subtest: validateRoutesConfig rejects non-object config
        ok 7 - validateRoutesConfig rejects non-object config
          ---
          duration_ms: 0.2431
          ...
        1..7
    ok 4 - Config parsing errors
      ---
      duration_ms: 5.8224
      type: 'suite'
      ...
    # Subtest: Large request body
        # Subtest: handles 1 MB request body correctly
        ok 1 - handles 1 MB request body correctly
          ---
          duration_ms: 48.3002
          ...
# [proxy] server shut down
        # Subtest: handles 2 MB request body correctly
        ok 2 - handles 2 MB request body correctly
          ---
          duration_ms: 56.2433
          ...
# [proxy] server listening on port 19909
        1..2
    ok 5 - Large request body
      ---
      duration_ms: 112.2122
      type: 'suite'
      ...
    # Subtest: Empty routes config
        # Subtest: server starts successfully with empty routes
        ok 1 - server starts successfully with empty routes
          ---
          duration_ms: 0.3138
          ...
# [proxy] server shut down
        # Subtest: any model request returns 404 with empty available models
        ok 2 - any model request returns 404 with empty available models
          ---
          duration_ms: 8.7848
          ...
# [proxy] server listening on port 19911
        # Subtest: getAvailableModels returns empty array for empty config
        ok 3 - getAvailableModels returns empty array for empty config
          ---
          duration_ms: 0.2632
          ...
        # Subtest: getAvailableModels returns empty array for null config
        ok 4 - getAvailableModels returns empty array for null config
          ---
          duration_ms: 0.1407
          ...
        1..4
    ok 6 - Empty routes config
      ---
      duration_ms: 13.5861
      type: 'suite'
      ...
    # Subtest: Malformed request body
        # Subtest: returns 400 for completely invalid JSON
        ok 1 - returns 400 for completely invalid JSON
          ---
          duration_ms: 8.2743
          ...
        # Subtest: returns 400 for truncated JSON
        ok 2 - returns 400 for truncated JSON
          ---
          duration_ms: 1.8219
          ...
        # Subtest: returns 400 for JSON with trailing comma
        ok 3 - returns 400 for JSON with trailing comma
          ---
          duration_ms: 1.6284
          ...
        # Subtest: returns 400 for empty body
        ok 4 - returns 400 for empty body
          ---
          duration_ms: 1.7366
          ...
        # Subtest: returns 400 for HTML in body
        ok 5 - returns 400 for HTML in body
          ---
          duration_ms: 1.5356
          ...
# [proxy] server shut down
        # Subtest: returns 400 for binary garbage
        ok 6 - returns 400 for binary garbage
          ---
          duration_ms: 1.8523
          ...
# [proxy] server listening on port 19913
        1..6
    ok 7 - Malformed request body
      ---
      duration_ms: 27.616
      type: 'suite'
      ...
    # Subtest: Missing model field
        # Subtest: returns 400 when model field is absent
        ok 1 - returns 400 when model field is absent
          ---
          duration_ms: 6.1716
          ...
        # Subtest: returns 400 when model field is null
        ok 2 - returns 400 when model field is null
          ---
          duration_ms: 1.8642
          ...
        # Subtest: returns 400 when model field is undefined (absent key)
        ok 3 - returns 400 when model field is undefined (absent key)
          ---
          duration_ms: 1.4184
          ...
# [proxy] server shut down
        # Subtest: valid request with model field succeeds after missing model errors
        ok 4 - valid request with model field succeeds after missing model errors
          ---
          duration_ms: 4.4727
          ...
# [proxy] server listening on port 19915
        1..4
    ok 8 - Missing model field
      ---
      duration_ms: 19.5344
      type: 'suite'
      ...
# [proxy] server shut down
    # Subtest: Upstream timeout
        # Subtest: slow upstream does not hang proxy indefinitely
# [proxy] server listening on port 19918
        ok 1 - slow upstream does not hang proxy indefinitely
          ---
          duration_ms: 3011.3755
          ...
# [proxy] upstream request error: socket hang up
# [proxy] server shut down
        # Subtest: proxy remains responsive while one request is waiting on slow upstream
# [proxy] server listening on port 19920
        ok 2 - proxy remains responsive while one request is waiting on slow upstream
          ---
          duration_ms: 3007.2059
          ...
        1..2
    ok 9 - Upstream timeout
      ---
      duration_ms: 6018.7927
      type: 'suite'
      ...
    # Subtest: Concurrent requests
        # Subtest: handles 10 concurrent requests correctly
        ok 1 - handles 10 concurrent requests correctly
          ---
          duration_ms: 18.4976
          ...
        # Subtest: handles mix of valid and invalid concurrent requests
        ok 2 - handles mix of valid and invalid concurrent requests
          ---
          duration_ms: 5.7545
          ...
# [proxy] server shut down
        # Subtest: all upstream requests are received (no dropped connections)
        ok 3 - all upstream requests are received (no dropped connections)
          ---
          duration_ms: 6.9444
          ...
        1..3
    ok 10 - Concurrent requests
      ---
      duration_ms: 35.6944
      type: 'suite'
      ...
    1..10
ok 16 - Edge Cases – Proxy
  ---
  duration_ms: 6342.7181
  type: 'suite'
  ...
# Subtest: CircuitBreaker – state transitions
    # Subtest: starts in CLOSED state
    ok 1 - starts in CLOSED state
      ---
      duration_ms: 2.6229
      ...
    # Subtest: CLOSED → OPEN after allowedFails consecutive failures
    ok 2 - CLOSED → OPEN after allowedFails consecutive failures
      ---
      duration_ms: 2.9958
      ...
    # Subtest: OPEN → HALF_OPEN after cooldown elapses
    ok 3 - OPEN → HALF_OPEN after cooldown elapses
      ---
      duration_ms: 162.9438
      ...
    # Subtest: HALF_OPEN → CLOSED on successful probe
    ok 4 - HALF_OPEN → CLOSED on successful probe
      ---
      duration_ms: 153.3522
      ...
    # Subtest: HALF_OPEN → OPEN on failed probe
    ok 5 - HALF_OPEN → OPEN on failed probe
      ---
      duration_ms: 156.5019
      ...
    # Subtest: full cycle: CLOSED → OPEN → HALF_OPEN → CLOSED
    ok 6 - full cycle: CLOSED → OPEN → HALF_OPEN → CLOSED
      ---
      duration_ms: 153.2566
      ...
    # Subtest: full cycle: CLOSED → OPEN → HALF_OPEN → OPEN (probe fail)
    ok 7 - full cycle: CLOSED → OPEN → HALF_OPEN → OPEN (probe fail)
      ---
      duration_ms: 158.0262
      ...
    1..7
ok 17 - CircuitBreaker – state transitions
  ---
  duration_ms: 793.2786
  type: 'suite'
  ...
# Subtest: CircuitBreaker – recordSuccess()
    # Subtest: resets failure count to 0
    ok 1 - resets failure count to 0
      ---
      duration_ms: 0.4056
      ...
    # Subtest: transitions OPEN → CLOSED
    ok 2 - transitions OPEN → CLOSED
      ---
      duration_ms: 0.3939
      ...
    # Subtest: transitions HALF_OPEN → CLOSED
    ok 3 - transitions HALF_OPEN → CLOSED
      ---
      duration_ms: 90.7371
      ...
    # Subtest: success on new provider initializes as CLOSED
    ok 4 - success on new provider initializes as CLOSED
      ---
      duration_ms: 0.5316
      ...
    1..4
ok 18 - CircuitBreaker – recordSuccess()
  ---
  duration_ms: 92.9226
  type: 'suite'
  ...
# Subtest: CircuitBreaker – recordFailure()
    # Subtest: increments failure count
    ok 1 - increments failure count
      ---
      duration_ms: 0.6302
      ...
    # Subtest: trips to OPEN when failures reach threshold
    ok 2 - trips to OPEN when failures reach threshold
      ---
      duration_ms: 0.2344
      ...
    # Subtest: trips to OPEN exactly at allowedFails boundary
    ok 3 - trips to OPEN exactly at allowedFails boundary
      ---
      duration_ms: 0.2739
      ...
    # Subtest: HALF_OPEN failure immediately trips back to OPEN
    ok 4 - HALF_OPEN failure immediately trips back to OPEN
      ---
      duration_ms: 90.2323
      ...
    # Subtest: records lastFailure timestamp
    ok 5 - records lastFailure timestamp
      ---
      duration_ms: 0.4158
      ...
    1..5
ok 19 - CircuitBreaker – recordFailure()
  ---
  duration_ms: 92.2012
  type: 'suite'
  ...
# Subtest: CircuitBreaker – isAvailable()
    # Subtest: returns true in CLOSED state
    ok 1 - returns true in CLOSED state
      ---
      duration_ms: 0.3229
      ...
    # Subtest: returns false in OPEN state
    ok 2 - returns false in OPEN state
      ---
      duration_ms: 0.2819
      ...
    # Subtest: returns true in HALF_OPEN state
    ok 3 - returns true in HALF_OPEN state
      ---
      duration_ms: 156.5591
      ...
    # Subtest: respects cooldown before allowing again
    ok 4 - respects cooldown before allowing again
      ---
      duration_ms: 31.0575
      ...
    # Subtest: new provider is available
    ok 5 - new provider is available
      ---
      duration_ms: 0.2424
      ...
    1..5
ok 20 - CircuitBreaker – isAvailable()
  ---
  duration_ms: 188.8621
  type: 'suite'
  ...
# Subtest: CircuitBreaker – getState()
    # Subtest: returns CLOSED for new provider
    ok 1 - returns CLOSED for new provider
      ---
      duration_ms: 0.167
      ...
    # Subtest: returns OPEN after tripping
    ok 2 - returns OPEN after tripping
      ---
      duration_ms: 0.1116
      ...
    # Subtest: transitions to HALF_OPEN after cooldown via getState
    ok 3 - transitions to HALF_OPEN after cooldown via getState
      ---
      duration_ms: 93.7675
      ...
    1..3
ok 21 - CircuitBreaker – getState()
  ---
  duration_ms: 94.316
  type: 'suite'
  ...
# Subtest: CircuitBreaker – reset()
    # Subtest: reset(providerId) clears only that provider
    ok 1 - reset(providerId) clears only that provider
      ---
      duration_ms: 0.2386
      ...
    # Subtest: reset() clears all providers
    ok 2 - reset() clears all providers
      ---
      duration_ms: 0.1399
      ...
    # Subtest: reset(providerId) allows re-entry creation on next call
    ok 3 - reset(providerId) allows re-entry creation on next call
      ---
      duration_ms: 0.119
      ...
    1..3
ok 22 - CircuitBreaker – reset()
  ---
  duration_ms: 0.6749
  type: 'suite'
  ...
# Subtest: CircuitBreaker – per-provider isolation
    # Subtest: providers track failures independently
    ok 1 - providers track failures independently
      ---
      duration_ms: 0.163
      ...
    # Subtest: tripping one provider does not affect another
    ok 2 - tripping one provider does not affect another
      ---
      duration_ms: 0.1074
      ...
    # Subtest: success on one provider does not affect another
    ok 3 - success on one provider does not affect another
      ---
      duration_ms: 0.1999
      ...
    # Subtest: reset(providerId) does not touch other providers
    ok 4 - reset(providerId) does not touch other providers
      ---
      duration_ms: 0.124
      ...
    1..4
ok 23 - CircuitBreaker – per-provider isolation
  ---
  duration_ms: 0.7477
  type: 'suite'
  ...
# Subtest: CircuitBreaker – constructor defaults
    # Subtest: uses default allowedFails when not specified
    ok 1 - uses default allowedFails when not specified
      ---
      duration_ms: 0.1477
      ...
    # Subtest: uses default cooldownTimeMs when not specified
    ok 2 - uses default cooldownTimeMs when not specified
      ---
      duration_ms: 0.1088
      ...
    # Subtest: accepts custom allowedFails
    ok 3 - accepts custom allowedFails
      ---
      duration_ms: 0.1056
      ...
    # Subtest: accepts custom cooldownTimeMs
    ok 4 - accepts custom cooldownTimeMs
      ---
      duration_ms: 0.1279
      ...
    # Subtest: initializes empty states map
    ok 5 - initializes empty states map
      ---
      duration_ms: 0.115
      ...
    1..5
ok 24 - CircuitBreaker – constructor defaults
  ---
  duration_ms: 0.8003
  type: 'suite'
  ...
# Subtest: CircuitBreaker – createCircuitBreaker factory
    # Subtest: creates a CircuitBreaker instance
    ok 1 - creates a CircuitBreaker instance
      ---
      duration_ms: 0.1573
      ...
    # Subtest: creates with defaults when no options
    ok 2 - creates with defaults when no options
      ---
      duration_ms: 0.1174
      ...
    1..2
ok 25 - CircuitBreaker – createCircuitBreaker factory
  ---
  duration_ms: 0.3889
  type: 'suite'
  ...
# Subtest: CircuitBreaker – CircuitBreakerError
    # Subtest: has correct name
    ok 1 - has correct name
      ---
      duration_ms: 0.2128
      ...
    # Subtest: has providerId
    ok 2 - has providerId
      ---
      duration_ms: 0.1051
      ...
    # Subtest: has OPEN state
    ok 3 - has OPEN state
      ---
      duration_ms: 0.1302
      ...
    # Subtest: includes providerId in message
    ok 4 - includes providerId in message
      ---
      duration_ms: 0.1552
      ...
    # Subtest: accepts details
    ok 5 - accepts details
      ---
      duration_ms: 1.4743
      ...
    # Subtest: defaults details to empty object
    ok 6 - defaults details to empty object
      ---
      duration_ms: 0.185
      ...
    # Subtest: is instanceof Error
    ok 7 - is instanceof Error
      ---
      duration_ms: 0.1413
      ...
    1..7
ok 26 - CircuitBreaker – CircuitBreakerError
  ---
  duration_ms: 2.7131
  type: 'suite'
  ...
# Subtest: CircuitBreaker – getFailureCount()
    # Subtest: returns 0 for unseen provider
    ok 1 - returns 0 for unseen provider
      ---
      duration_ms: 0.1062
      ...
    # Subtest: returns correct count after failures
    ok 2 - returns correct count after failures
      ---
      duration_ms: 0.0796
      ...
    # Subtest: returns 0 after success reset
    ok 3 - returns 0 after success reset
      ---
      duration_ms: 0.0792
      ...
    1..3
ok 27 - CircuitBreaker – getFailureCount()
  ---
  duration_ms: 0.3623
  type: 'suite'
  ...
# Subtest: Dynamic Weight – adjustWeightForError
    # Subtest: Single error reduces weight for the failed upstream
    ok 1 - Single error reduces weight for the failed upstream
      ---
      duration_ms: 2.3481
      ...
    # Subtest: Multiple consecutive errors reduce weight more
    ok 2 - Multiple consecutive errors reduce weight more
      ---
      duration_ms: 0.6711
      ...
    # Subtest: Weight does not go below minWeight
    ok 3 - Weight does not go below minWeight
      ---
      duration_ms: 1.1406
      ...
    # Subtest: No errors means no weight change
    ok 4 - No errors means no weight change
      ---
      duration_ms: 0.8739
      ...
    # Subtest: Error codes outside errorCodes list don't trigger reduction
    ok 5 - Error codes outside errorCodes list don't trigger reduction
      ---
      duration_ms: 0.6753
      ...
    # Subtest: skips adjustment when disabled
    ok 6 - skips adjustment when disabled
      ---
      duration_ms: 0.5661
      ...
    # Subtest: skips adjustment for null upstreams
    ok 7 - skips adjustment for null upstreams
      ---
      duration_ms: 0.8533
      ...
    # Subtest: skips adjustment for empty upstreams array
    ok 8 - skips adjustment for empty upstreams array
      ---
      duration_ms: 0.405
      ...
    # Subtest: skips adjustment for null errorData
    ok 9 - skips adjustment for null errorData
      ---
      duration_ms: 0.5457
      ...
    # Subtest: skips adjustment for empty errorData
    ok 10 - skips adjustment for empty errorData
      ---
      duration_ms: 0.9668
      ...
    # Subtest: skips when config has no errorWeightReduction
    ok 11 - skips when config has no errorWeightReduction
      ---
      duration_ms: 0.5072
      ...
    # Subtest: 429 status code triggers reduction
    ok 12 - 429 status code triggers reduction
      ---
      duration_ms: 0.5143
      ...
    # Subtest: multiple error codes in one call reduce weight once
    ok 13 - multiple error codes in one call reduce weight once
      ---
      duration_ms: 0.6083
      ...
    # Subtest: reduces multiple upstreams with errors in one call
    ok 14 - reduces multiple upstreams with errors in one call
      ---
      duration_ms: 0.4245
      ...
    1..14
ok 28 - Dynamic Weight – adjustWeightForError
  ---
  duration_ms: 13.8506
  type: 'suite'
  ...
# Subtest: Dynamic Weight – recordUpstreamError and getErrorRate
    # Subtest: recordUpstreamError records an error
    ok 1 - recordUpstreamError records an error
      ---
      duration_ms: 0.658
      ...
    # Subtest: getErrorRate returns 0 for no errors
    ok 2 - getErrorRate returns 0 for no errors
      ---
      duration_ms: 0.7355
      ...
    # Subtest: getErrorRate accepts config object with errorWindowMs
    ok 3 - getErrorRate accepts config object with errorWindowMs
      ---
      duration_ms: 0.6289
      ...
    # Subtest: getErrorRate defaults to 600000ms when config has no errorWindowMs
    ok 4 - getErrorRate defaults to 600000ms when config has no errorWindowMs
      ---
      duration_ms: 0.6978
      ...
    # Subtest: multiple errors are counted
    ok 5 - multiple errors are counted
      ---
      duration_ms: 0.4752
      ...
    1..5
ok 29 - Dynamic Weight – recordUpstreamError and getErrorRate
  ---
  duration_ms: 3.6481
  type: 'suite'
  ...
# Subtest: Dynamic Weight – State Management
    # Subtest: getDynamicWeight returns initial weight for new upstream
    ok 1 - getDynamicWeight returns initial weight for new upstream
      ---
      duration_ms: 1.9996
      ...
    # Subtest: setDynamicWeight updates weight
    ok 2 - setDynamicWeight updates weight
      ---
      duration_ms: 0.5139
      ...
    # Subtest: setDynamicWeight creates entry if not exists
    ok 3 - setDynamicWeight creates entry if not exists
      ---
      duration_ms: 0.874
      ...
    # Subtest: getDynamicWeightState returns the state map
    ok 4 - getDynamicWeightState returns the state map
      ---
      duration_ms: 1.0115
      ...
    # Subtest: getDynamicWeightState is empty after reset
    ok 5 - getDynamicWeightState is empty after reset
      ---
      duration_ms: 0.7206
      ...
    # Subtest: getDynamicWeight uses default initialWeight of 100
    ok 6 - getDynamicWeight uses default initialWeight of 100
      ---
      duration_ms: 0.3611
      ...
    # Subtest: getDynamicWeight returns updated weight after set
    ok 7 - getDynamicWeight returns updated weight after set
      ---
      duration_ms: 0.2973
      ...
    1..7
ok 30 - Dynamic Weight – State Management
  ---
  duration_ms: 7.9843
  type: 'suite'
  ...
# Subtest: Dynamic Weight – adjustWeightForLatency
    # Subtest: decreases weight for high latency upstream
    ok 1 - decreases weight for high latency upstream
      ---
      duration_ms: 0.8231
      ...
    # Subtest: does not decrease weight below minWeight
    ok 2 - does not decrease weight below minWeight
      ---
      duration_ms: 0.4087
      ...
    # Subtest: skips adjustment when only one upstream
    ok 3 - skips adjustment when only one upstream
      ---
      duration_ms: 0.3635
      ...
    # Subtest: skips adjustment when no latency data
    ok 4 - skips adjustment when no latency data
      ---
      duration_ms: 0.2929
      ...
    # Subtest: skips upstream with missing latency data
    ok 5 - skips upstream with missing latency data
      ---
      duration_ms: 0.3914
      ...
    # Subtest: skips upstream with zero avgDuration
    ok 6 - skips upstream with zero avgDuration
      ---
      duration_ms: 0.2899
      ...
    # Subtest: decreases multiple slow upstreams
    ok 7 - decreases multiple slow upstreams
      ---
      duration_ms: 0.5588
      ...
    # Subtest: skips adjustment for null upstreams
    ok 8 - skips adjustment for null upstreams
      ---
      duration_ms: 0.3284
      ...
    # Subtest: skips adjustment for empty upstreams array
    ok 9 - skips adjustment for empty upstreams array
      ---
      duration_ms: 2.1321
      ...
    1..9
ok 31 - Dynamic Weight – adjustWeightForLatency
  ---
  duration_ms: 6.2293
  type: 'suite'
  ...
# Subtest: Dynamic Weight – Recovery
    # Subtest: startWeightRecovery returns null for invalid parameters
    ok 1 - startWeightRecovery returns null for invalid parameters
      ---
      duration_ms: 1.5403
      ...
    # Subtest: startWeightRecovery returns null for empty upstreams
    ok 2 - startWeightRecovery returns null for empty upstreams
      ---
      duration_ms: 1.2922
      ...
    # Subtest: startWeightRecovery returns null when disabled
    ok 3 - startWeightRecovery returns null when disabled
      ---
      duration_ms: 1.0028
      ...
    # Subtest: startWeightRecovery returns null when recoveryInterval is zero
    ok 4 - startWeightRecovery returns null when recoveryInterval is zero
      ---
      duration_ms: 0.3549
      ...
    # Subtest: startWeightRecovery returns null when recoveryInterval is negative
    ok 5 - startWeightRecovery returns null when recoveryInterval is negative
      ---
      duration_ms: 0.6839
      ...
    # Subtest: startWeightRecovery starts timer and stores in recoveryTimers
    ok 6 - startWeightRecovery starts timer and stores in recoveryTimers
      ---
      duration_ms: 0.5774
      ...
    # Subtest: stopWeightRecovery is safe when no timer exists
    ok 7 - stopWeightRecovery is safe when no timer exists
      ---
      duration_ms: 0.3512
      ...
    # Subtest: startWeightRecovery replaces existing timer for same route
    ok 8 - startWeightRecovery replaces existing timer for same route
      ---
      duration_ms: 0.4531
      ...
    # Subtest: weight recovery restores weight towards initialWeight
    ok 9 - weight recovery restores weight towards initialWeight
      ---
      duration_ms: 140.3822
      ...
    # Subtest: weight recovery does not exceed initialWeight
    ok 10 - weight recovery does not exceed initialWeight
      ---
      duration_ms: 134.5822
      ...
    # Subtest: startWeightRecovery returns null for null routeKey
    ok 11 - startWeightRecovery returns null for null routeKey
      ---
      duration_ms: 0.3383
      ...
    # Subtest: startWeightRecovery returns null for null config
    ok 12 - startWeightRecovery returns null for null config
      ---
      duration_ms: 0.3821
      ...
    # Subtest: resetRoundRobinCounters clears all recovery timers
    ok 13 - resetRoundRobinCounters clears all recovery timers
      ---
      duration_ms: 0.3075
      ...
    1..13
ok 32 - Dynamic Weight – Recovery
  ---
  duration_ms: 283.1044
  type: 'suite'
  ...
# Subtest: Dynamic Weight – Integration with selectUpstreamSticky
    # Subtest: dynamic weight affects upstream selection
    ok 1 - dynamic weight affects upstream selection
      ---
      duration_ms: 2.0273
      ...
    # Subtest: latency adjustment affects sticky selection over time
    ok 2 - latency adjustment affects sticky selection over time
      ---
      duration_ms: 0.3304
      ...
    1..2
ok 33 - Dynamic Weight – Integration with selectUpstreamSticky
  ---
  duration_ms: 2.954
  type: 'suite'
  ...
# Subtest: Dynamic Weight – Schema
    # Subtest: routeSchema includes dynamicWeight with defaults
    ok 1 - routeSchema includes dynamicWeight with defaults
      ---
      duration_ms: 3.8738
      ...
    # Subtest: routeSchema accepts custom dynamicWeight config
    ok 2 - routeSchema accepts custom dynamicWeight config
      ---
      duration_ms: 0.7064
      ...
    # Subtest: routeSchema dynamicWeight defaults minWeight to 10
    ok 3 - routeSchema dynamicWeight defaults minWeight to 10
      ---
      duration_ms: 0.2977
      ...
    # Subtest: routeSchema dynamicWeight defaults latencyThreshold to 1.5
    ok 4 - routeSchema dynamicWeight defaults latencyThreshold to 1.5
      ---
      duration_ms: 0.2481
      ...
    # Subtest: routeSchema dynamicWeight defaults recoveryInterval to 300000
    ok 5 - routeSchema dynamicWeight defaults recoveryInterval to 300000
      ---
      duration_ms: 0.3567
      ...
    # Subtest: routeSchema dynamicWeight defaults recoveryAmount to 1
    ok 6 - routeSchema dynamicWeight defaults recoveryAmount to 1
      ---
      duration_ms: 0.2439
      ...
    # Subtest: routeSchema dynamicWeight defaults checkInterval to 10
    ok 7 - routeSchema dynamicWeight defaults checkInterval to 10
      ---
      duration_ms: 0.2673
      ...
    1..7
ok 34 - Dynamic Weight – Schema
  ---
  duration_ms: 6.3141
  type: 'suite'
  ...
# ⚠ All upstreams filtered out, falling back to failed provider: only-one
# Subtest: Router – getRouteForModel()
    # Subtest: returns route for valid model
    ok 1 - returns route for valid model
      ---
      duration_ms: 1.2458
      ...
    # Subtest: returns null for null model
    ok 2 - returns null for null model
      ---
      duration_ms: 0.2313
      ...
    # Subtest: returns null for undefined model
    ok 3 - returns null for undefined model
      ---
      duration_ms: 0.2073
      ...
    # Subtest: returns null for empty string model
    ok 4 - returns null for empty string model
      ---
      duration_ms: 0.3039
      ...
    # Subtest: returns null for non-string model (number)
    ok 5 - returns null for non-string model (number)
      ---
      duration_ms: 0.2362
      ...
    # Subtest: returns null for non-string model (boolean)
    ok 6 - returns null for non-string model (boolean)
      ---
      duration_ms: 0.228
      ...
    # Subtest: returns null when config is null
    ok 7 - returns null when config is null
      ---
      duration_ms: 0.2343
      ...
    # Subtest: returns null when config is undefined
    ok 8 - returns null when config is undefined
      ---
      duration_ms: 0.3754
      ...
    # Subtest: returns null when config is a string
    ok 9 - returns null when config is a string
      ---
      duration_ms: 0.5878
      ...
    # Subtest: returns null when config is a number
    ok 10 - returns null when config is a number
      ---
      duration_ms: 0.5756
      ...
    # Subtest: returns null when model does not exist in config
    ok 11 - returns null when model does not exist in config
      ---
      duration_ms: 0.187
      ...
    1..11
ok 35 - Router – getRouteForModel()
  ---
  duration_ms: 6.5514
  type: 'suite'
  ...
# Subtest: Router – selectUpstreamRoundRobin()
    # Subtest: cycles through upstreams in order
    ok 1 - cycles through upstreams in order
      ---
      duration_ms: 1.8216
      ...
    # Subtest: different route keys have independent counters
    ok 2 - different route keys have independent counters
      ---
      duration_ms: 0.4331
      ...
    # Subtest: returns single upstream when only one available
    ok 3 - returns single upstream when only one available
      ---
      duration_ms: 0.4378
      ...
    # Subtest: throws RouterError for empty array
    ok 4 - throws RouterError for empty array
      ---
      duration_ms: 1.7225
      ...
    # Subtest: throws RouterError for null upstreams
    ok 5 - throws RouterError for null upstreams
      ---
      duration_ms: 0.3583
      ...
    # Subtest: throws RouterError for undefined upstreams
    ok 6 - throws RouterError for undefined upstreams
      ---
      duration_ms: 0.3168
      ...
    1..6
ok 36 - Router – selectUpstreamRoundRobin()
  ---
  duration_ms: 5.4633
  type: 'suite'
  ...
# Subtest: Router – selectUpstreamRandom()
    # Subtest: returns one of the upstreams
    ok 1 - returns one of the upstreams
      ---
      duration_ms: 0.399
      ...
    # Subtest: returns single upstream when only one available
    ok 2 - returns single upstream when only one available
      ---
      duration_ms: 0.1265
      ...
    # Subtest: throws RouterError for empty array
    ok 3 - throws RouterError for empty array
      ---
      duration_ms: 0.1863
      ...
    # Subtest: throws RouterError for null
    ok 4 - throws RouterError for null
      ---
      duration_ms: 0.1736
      ...
    # Subtest: distributes across upstreams (statistical)
    ok 5 - distributes across upstreams (statistical)
      ---
      duration_ms: 0.427
      ...
    1..5
ok 37 - Router – selectUpstreamRandom()
  ---
  duration_ms: 1.5343
  type: 'suite'
  ...
# Subtest: Router – selectUpstreamWeighted()
    # Subtest: returns one of the upstreams
    ok 1 - returns one of the upstreams
      ---
      duration_ms: 0.5086
      ...
    # Subtest: returns single upstream when only one available
    ok 2 - returns single upstream when only one available
      ---
      duration_ms: 0.1472
      ...
    # Subtest: uses default weight of 1 when weight not specified
    ok 3 - uses default weight of 1 when weight not specified
      ---
      duration_ms: 0.7518
      ...
    # Subtest: respects weights (statistical)
    ok 4 - respects weights (statistical)
      ---
      duration_ms: 0.7789
      ...
    # Subtest: throws RouterError for empty array
    ok 5 - throws RouterError for empty array
      ---
      duration_ms: 0.2406
      ...
    # Subtest: throws RouterError for null
    ok 6 - throws RouterError for null
      ---
      duration_ms: 0.2229
      ...
    1..6
ok 38 - Router – selectUpstreamWeighted()
  ---
  duration_ms: 2.9274
  type: 'suite'
  ...
# Subtest: Router – selectUpstreamSticky()
    # Subtest: returns consistent upstream for same session
    ok 1 - returns consistent upstream for same session
      ---
      duration_ms: 1.3654
      ...
    # Subtest: returns single upstream when only one available
    ok 2 - returns single upstream when only one available
      ---
      duration_ms: 0.3946
      ...
    # Subtest: different sessions may map to different upstreams
    ok 3 - different sessions may map to different upstreams
      ---
      duration_ms: 0.808
      ...
    # Subtest: remaps session if previous upstream is gone
    ok 4 - remaps session if previous upstream is gone
      ---
      duration_ms: 0.3897
      ...
    # Subtest: different route keys for same session are scoped independently
    ok 5 - different route keys for same session are scoped independently
      ---
      duration_ms: 0.3286
      ...
    # Subtest: throws RouterError for empty upstreams
    ok 6 - throws RouterError for empty upstreams
      ---
      duration_ms: 0.8388
      ...
    # Subtest: throws RouterError for null upstreams
    ok 7 - throws RouterError for null upstreams
      ---
      duration_ms: 0.521
      ...
    # Subtest: distributes new sessions to least loaded upstream
    ok 8 - distributes new sessions to least loaded upstream
      ---
      duration_ms: 1.4444
      ...
    # Subtest: different models with same sessionId route independently
    ok 9 - different models with same sessionId route independently
      ---
      duration_ms: 0.3196
      ...
    # Subtest: static weight distribution respects weight ratios
    ok 10 - static weight distribution respects weight ratios
      ---
      duration_ms: 4.0622
      ...
    # Subtest: weight recovery redistributes traffic after weight increase
    ok 11 - weight recovery redistributes traffic after weight increase
      ---
      duration_ms: 3.5114
      ...
    # Subtest: sliding window filters old requests correctly
    ok 12 - sliding window filters old requests correctly
      ---
      duration_ms: 0.5729
      ...
    # Subtest: dynamic weight affects sticky selection
    ok 13 - dynamic weight affects sticky selection
      ---
      duration_ms: 1.1548
      ...
    1..13
ok 39 - Router – selectUpstreamSticky()
  ---
  duration_ms: 16.3373
  type: 'suite'
  ...
# Subtest: Router – failoverStickySession()
    # Subtest: returns another upstream when failed one is excluded
    ok 1 - returns another upstream when failed one is excluded
      ---
      duration_ms: 0.8186
      ...
    # Subtest: falls back to failed provider when all other upstreams are unavailable
    ok 2 - falls back to failed provider when all other upstreams are unavailable
      ---
      duration_ms: 2.2326
      ...
    # Subtest: returns null for empty upstreams
    ok 3 - returns null for empty upstreams
      ---
      duration_ms: 2.2868
      ...
    # Subtest: returns null for null upstreams
    ok 4 - returns null for null upstreams
      ---
      duration_ms: 0.2529
      ...
    # Subtest: updates session map with new upstream
    ok 5 - updates session map with new upstream
      ---
      duration_ms: 0.5142
      ...
    # Subtest: updates session counts correctly on failover
    ok 6 - updates session counts correctly on failover
      ---
      duration_ms: 0.6434
      ...
    1..6
ok 40 - Router – failoverStickySession()
  ---
  duration_ms: 7.1427
  type: 'suite'
  ...
# Subtest: Router – getSessionId()
    # Subtest: extracts from x-opencode-session header
    ok 1 - extracts from x-opencode-session header
      ---
      duration_ms: 0.6283
      ...
    # Subtest: extracts from x-session-affinity header (fallback)
    ok 2 - extracts from x-session-affinity header (fallback)
      ---
      duration_ms: 0.4628
      ...
    # Subtest: x-opencode-session takes priority over x-session-affinity
    ok 3 - x-opencode-session takes priority over x-session-affinity
      ---
      duration_ms: 0.1462
      ...
    # Subtest: generates ID when no session headers present
    ok 4 - generates ID when no session headers present
      ---
      duration_ms: 0.2392
      ...
    # Subtest: generates ID uses x-forwarded-for if available
    ok 5 - generates ID uses x-forwarded-for if available
      ---
      duration_ms: 0.1548
      ...
    # Subtest: handles request with null headers
    ok 6 - handles request with null headers
      ---
      duration_ms: 0.1513
      ...
    # Subtest: handles request with undefined headers
    ok 7 - handles request with undefined headers
      ---
      duration_ms: 0.1284
      ...
    # Subtest: ignores non-string x-opencode-session header
    ok 8 - ignores non-string x-opencode-session header
      ---
      duration_ms: 0.127
      ...
    # Subtest: ignores empty string x-opencode-session header
    ok 9 - ignores empty string x-opencode-session header
      ---
      duration_ms: 0.1278
      ...
    1..9
ok 41 - Router – getSessionId()
  ---
  duration_ms: 2.5375
  type: 'suite'
  ...
# Subtest: Router – hashSessionToBackend()
    # Subtest: returns deterministic index
    ok 1 - returns deterministic index
      ---
      duration_ms: 0.2597
      ...
    # Subtest: returns index in range [0, backendCount)
    ok 2 - returns index in range [0, backendCount)
      ---
      duration_ms: 0.2345
      ...
    # Subtest: returns 0 for backendCount <= 0
    ok 3 - returns 0 for backendCount <= 0
      ---
      duration_ms: 0.117
      ...
    # Subtest: different sessions produce different indices (statistical)
    ok 4 - different sessions produce different indices (statistical)
      ---
      duration_ms: 0.3694
      ...
    1..4
ok 42 - Router – hashSessionToBackend()
  ---
  duration_ms: 1.1809
  type: 'suite'
  ...
# Subtest: Router – routeRequest()
    # Subtest: routes to valid model with round-robin
    ok 1 - routes to valid model with round-robin
      ---
      duration_ms: 4.3633
      ...
    # Subtest: routes with random strategy
    ok 2 - routes with random strategy
      ---
      duration_ms: 0.6218
      ...
    # Subtest: routes with weighted strategy
    ok 3 - routes with weighted strategy
      ---
      duration_ms: 0.5758
      ...
    # Subtest: routes with sticky strategy (includes sessionId)
    ok 4 - routes with sticky strategy (includes sessionId)
      ---
      duration_ms: 0.811
      ...
    # Subtest: sticky without request generates auto sessionId
    ok 5 - sticky without request generates auto sessionId
      ---
      duration_ms: 0.6254
      ...
    # Subtest: throws RouterError for unknown model
    ok 6 - throws RouterError for unknown model
      ---
      duration_ms: 0.4337
      ...
    # Subtest: throws RouterError with available models in details
    ok 7 - throws RouterError with available models in details
      ---
      duration_ms: 0.4706
      ...
    # Subtest: throws RouterError for invalid route config (bad upstream)
    ok 8 - throws RouterError for invalid route config (bad upstream)
      ---
      duration_ms: 1.1713
      ...
    # Subtest: round-robin cycles correctly through routeRequest
    ok 9 - round-robin cycles correctly through routeRequest
      ---
      duration_ms: 1.774
      ...
    1..9
ok 43 - Router – routeRequest()
  ---
  duration_ms: 11.3485
  type: 'suite'
  ...
# Subtest: Router – validateRoutesConfig()
    # Subtest: valid config passes validation
    ok 1 - valid config passes validation
      ---
      duration_ms: 0.666
      ...
    # Subtest: returns error for empty config
    ok 2 - returns error for empty config
      ---
      duration_ms: 0.1973
      ...
    # Subtest: returns error for null config
    ok 3 - returns error for null config
      ---
      duration_ms: 0.867
      ...
    # Subtest: returns error for non-object config
    ok 4 - returns error for non-object config
      ---
      duration_ms: 0.2157
      ...
    # Subtest: returns error for missing upstreams
    ok 5 - returns error for missing upstreams
      ---
      duration_ms: 0.5847
      ...
    # Subtest: returns error for invalid strategy
    ok 6 - returns error for invalid strategy
      ---
      duration_ms: 0.425
      ...
    # Subtest: returns error for upstream missing required fields
    ok 7 - returns error for upstream missing required fields
      ---
      duration_ms: 0.4782
      ...
    # Subtest: returns error for invalid baseURL
    ok 8 - returns error for invalid baseURL
      ---
      duration_ms: 0.5308
      ...
    # Subtest: defaults strategy to round-robin when omitted
    ok 9 - defaults strategy to round-robin when omitted
      ---
      duration_ms: 0.3245
      ...
    1..9
ok 44 - Router – validateRoutesConfig()
  ---
  duration_ms: 4.7084
  type: 'suite'
  ...
# Subtest: Router – getAvailableModels()
    # Subtest: returns model names from config
    ok 1 - returns model names from config
      ---
      duration_ms: 0.2338
      ...
    # Subtest: returns empty array for null config
    ok 2 - returns empty array for null config
      ---
      duration_ms: 0.115
      ...
    # Subtest: returns empty array for undefined config
    ok 3 - returns empty array for undefined config
      ---
      duration_ms: 0.099
      ...
    # Subtest: returns empty array for non-object config
    ok 4 - returns empty array for non-object config
      ---
      duration_ms: 0.1118
      ...
    # Subtest: returns empty array for empty config
    ok 5 - returns empty array for empty config
      ---
      duration_ms: 0.1218
      ...
    1..5
ok 45 - Router – getAvailableModels()
  ---
  duration_ms: 0.8982
  type: 'suite'
  ...
# Subtest: Router – RouterError
    # Subtest: has correct name
    ok 1 - has correct name
      ---
      duration_ms: 0.3426
      ...
    # Subtest: stores code
    ok 2 - stores code
      ---
      duration_ms: 0.1352
      ...
    # Subtest: stores details
    ok 3 - stores details
      ---
      duration_ms: 0.2457
      ...
    # Subtest: defaults details to empty object
    ok 4 - defaults details to empty object
      ---
      duration_ms: 0.1854
      ...
    # Subtest: is instanceof Error
    ok 5 - is instanceof Error
      ---
      duration_ms: 0.1657
      ...
    1..5
ok 46 - Router – RouterError
  ---
  duration_ms: 1.3315
  type: 'suite'
  ...
# Subtest: Router – resetRoundRobinCounters()
    # Subtest: clears session map and counters
    ok 1 - clears session map and counters
      ---
      duration_ms: 0.4651
      ...
    1..1
ok 47 - Router – resetRoundRobinCounters()
  ---
  duration_ms: 0.5678
  type: 'suite'
  ...
# Subtest: Router – Zod schemas
    # Subtest: upstreamSchema validates correct upstream
    ok 1 - upstreamSchema validates correct upstream
      ---
      duration_ms: 0.2513
      ...
    # Subtest: upstreamSchema rejects missing id
    ok 2 - upstreamSchema rejects missing id
      ---
      duration_ms: 0.2023
      ...
    # Subtest: upstreamSchema rejects invalid baseURL
    ok 3 - upstreamSchema rejects invalid baseURL
      ---
      duration_ms: 0.2253
      ...
    # Subtest: routeSchema validates with defaults
    ok 4 - routeSchema validates with defaults
      ---
      duration_ms: 0.3003
      ...
    # Subtest: routesConfigSchema validates full config
    ok 5 - routesConfigSchema validates full config
      ---
      duration_ms: 0.3228
      ...
    1..5
ok 48 - Router – Zod schemas
  ---
  duration_ms: 1.5447
  type: 'suite'
  ...
# Subtest: Server – isPortAvailable()
    # Subtest: returns true for unused port
    ok 1 - returns true for unused port
      ---
      duration_ms: 6.348
      ...
    # Subtest: returns false for port occupied by HTTP server
    ok 2 - returns false for port occupied by HTTP server
      ---
      duration_ms: 4.3706
      ...
    # Subtest: returns false for port occupied by raw TCP server
    ok 3 - returns false for port occupied by raw TCP server
      ---
      duration_ms: 2.9261
      ...
    1..3
ok 49 - Server – isPortAvailable()
  ---
  duration_ms: 15.3708
  type: 'suite'
  ...
# Subtest: Server – forwardRequest()
    # Subtest: returns 400 for invalid target URL
    ok 1 - returns 400 for invalid target URL
      ---
      duration_ms: 26.4625
      ...
# [proxy] upstream request error: connect ECONNREFUSED 127.0.0.1:49834
    # Subtest: returns 502 on connection refused
    ok 2 - returns 502 on connection refused
      ---
      duration_ms: 12.4901
      ...
    # Subtest: forwards request to upstream
    ok 3 - forwards request to upstream
      ---
      duration_ms: 10.9609
      ...
    # Subtest: calls onProxyReq callback
    ok 4 - calls onProxyReq callback
      ---
      duration_ms: 10.5034
      ...
    # Subtest: calls onProxyRes callback
    ok 5 - calls onProxyRes callback
      ---
      duration_ms: 8.8281
      ...
# [proxy] upstream request error: connect ECONNREFUSED 127.0.0.1:49842
    # Subtest: calls onError on connection failure
    ok 6 - calls onError on connection failure
      ---
      duration_ms: 12.4746
      ...
    # Subtest: handles SSE upstream response
    ok 7 - handles SSE upstream response
      ---
      duration_ms: 13.8143
      ...
    # Subtest: proxies POST body to upstream
    ok 8 - proxies POST body to upstream
      ---
      duration_ms: 18.3755
      ...
    # Subtest: replaces host header with target
    ok 9 - replaces host header with target
      ---
      duration_ms: 9.4168
      ...
# [proxy] server listening on port 49852
    # Subtest: strips keep-alive header
    ok 10 - strips keep-alive header
      ---
      duration_ms: 7.4022
      ...
# [proxy] server listening on port 49853
    1..10
ok 50 - Server – forwardRequest()
  ---
  duration_ms: 132.6042
  type: 'suite'
  ...
# [proxy] server listening on port 49854
# Subtest: Server – createServer()
    # Subtest: creates server on specified port
    ok 1 - creates server on specified port
      ---
      duration_ms: 5.119
      ...
    # Subtest: creates server with default port
    ok 2 - creates server with default port
      ---
      duration_ms: 2.9855
      ...
# [proxy] server listening on port 49855
    # Subtest: uses custom requestHandler
    ok 3 - uses custom requestHandler
      ---
      duration_ms: 7.8906
      ...
# [proxy] server listening on port 49856
    # Subtest: returns 404 when no requestHandler configured
    ok 4 - returns 404 when no requestHandler configured
      ---
      duration_ms: 5.9476
      ...
# [proxy] internal error: Error: boom
#     at Object.requestHandler (file:///D:/projects/code/oh-my-opencode-switch/tests/proxy/unit/server.test.js:333:15)
#     at Server.<anonymous> (file:///D:/projects/code/oh-my-opencode-switch/src/proxy/server.js:189:16)
#     at Server.emit (node:events:524:28)
#     at parserOnIncoming (node:_http_server:1153:12)
#     at HTTPParser.parserOnHeadersComplete (node:_http_common:117:17)
# [proxy] server listening on port 49857
    # Subtest: returns 500 on handler exception
    ok 5 - returns 500 on handler exception
      ---
      duration_ms: 7.5579
      ...
# [proxy] server listening on port 49858
    # Subtest: throws when port is already in use
# [proxy] server shut down
    ok 6 - throws when port is already in use
      ---
      duration_ms: 6.2152
      ...
# [proxy] server listening on port 49859
    1..6
# [proxy] server shut down
ok 51 - Server – createServer()
  ---
  duration_ms: 36.2922
  type: 'suite'
  ...
# Subtest: Server – shutdownServer()
    # Subtest: shuts down running server
    ok 1 - shuts down running server
      ---
      duration_ms: 4.6804
      ...
    # Subtest: is idempotent
    ok 2 - is idempotent
      ---
      duration_ms: 3.8725
      ...
    # Subtest: handles null
    ok 3 - handles null
      ---
      duration_ms: 0.2866
      ...
    # Subtest: handles undefined
    ok 4 - handles undefined
      ---
      duration_ms: 0.2238
      ...
    # Subtest: handles non-listening server
    ok 5 - handles non-listening server
      ---
      duration_ms: 0.2413
      ...
    1..5
ok 52 - Server – shutdownServer()
  ---
  duration_ms: 9.6338
  type: 'suite'
  ...
# Subtest: init module exports
    # Subtest: should export initAction function
    ok 1 - should export initAction function
      ---
      duration_ms: 164.2029
      ...
    # Subtest: should export registerInitCommand function
    ok 2 - should export registerInitCommand function
      ---
      duration_ms: 2.5038
      ...
    1..2
ok 53 - init module exports
  ---
  duration_ms: 169.9236
  type: 'suite'
  ...
# Subtest: ProfileManager
    # Subtest: _processModelArrays
        # Subtest: single-element array -> model string
        ok 1 - single-element array -> model string
          ---
          duration_ms: 3.4718
          ...
        # Subtest: two-element array -> model and fallback_models
        ok 2 - two-element array -> model and fallback_models
          ---
          duration_ms: 1.4365
          ...
        # Subtest: three-element array -> model and multiple fallbacks
        ok 3 - three-element array -> model and multiple fallbacks
          ---
          duration_ms: 0.3933
          ...
        # Subtest: string value -> backward compatibility
        ok 4 - string value -> backward compatibility
          ---
          duration_ms: 0.4752
          ...
        # Subtest: null value -> should not throw
        ok 5 - null value -> should not throw
          ---
          duration_ms: 0.6646
          ...
        # Subtest: categories model array -> should also split
        ok 6 - categories model array -> should also split
          ---
          duration_ms: 0.3792
          ...
        # Subtest: nested ultrawork.model -> should also split
        ok 7 - nested ultrawork.model -> should also split
          ---
          duration_ms: 0.3156
          ...
        # Subtest: empty array -> should set model to null
        ok 8 - empty array -> should set model to null
          ---
          duration_ms: 0.2888
          ...
        # Subtest: should not mutate original config
        ok 9 - should not mutate original config
          ---
          duration_ms: 0.5503
          ...
        1..9
    ok 1 - _processModelArrays
      ---
      duration_ms: 9.6956
      type: 'suite'
      ...
    1..1
ok 54 - ProfileManager
  ---
  duration_ms: 10.5403
  type: 'suite'
  ...
# Subtest: TemplateEngine
    # Subtest: render
        # Subtest: basic variable substitution
            # Subtest: should substitute a single variable
            ok 1 - should substitute a single variable
              ---
              duration_ms: 14.0949
              ...
            # Subtest: should substitute multiple variables
            ok 2 - should substitute multiple variables
              ---
              duration_ms: 3.8197
              ...
            # Subtest: should handle the same variable used multiple times
            ok 3 - should handle the same variable used multiple times
              ---
              duration_ms: 2.2162
              ...
            # Subtest: should return unchanged template when no variables
            ok 4 - should return unchanged template when no variables
              ---
              duration_ms: 0.8849
              ...
            # Subtest: should handle variables with whitespace around braces
            ok 5 - should handle variables with whitespace around braces
              ---
              duration_ms: 3.2351
              ...
            1..5
        ok 1 - basic variable substitution
          ---
          duration_ms: 25.8408
          type: 'suite'
          ...
        # Subtest: variable types
            # Subtest: should substitute string values
            ok 1 - should substitute string values
              ---
              duration_ms: 1.5277
              ...
            # Subtest: should substitute number values
            ok 2 - should substitute number values
              ---
              duration_ms: 1.2886
              ...
            # Subtest: should substitute negative numbers
            ok 3 - should substitute negative numbers
              ---
              duration_ms: 2.0462
              ...
            # Subtest: should substitute floating point numbers
            ok 4 - should substitute floating point numbers
              ---
              duration_ms: 1.0608
              ...
            # Subtest: should substitute boolean true
            ok 5 - should substitute boolean true
              ---
              duration_ms: 1.0129
              ...
            # Subtest: should substitute boolean false
            ok 6 - should substitute boolean false
              ---
              duration_ms: 0.6058
              ...
            # Subtest: should substitute null value
            ok 7 - should substitute null value
              ---
              duration_ms: 0.6082
              ...
            1..7
        ok 2 - variable types
          ---
          duration_ms: 8.811
          type: 'suite'
          ...
        # Subtest: object and array values
            # Subtest: should stringify object values as JSON
            ok 1 - should stringify object values as JSON
              ---
              duration_ms: 0.9148
              ...
            # Subtest: should stringify array values as JSON
            ok 2 - should stringify array values as JSON
              ---
              duration_ms: 0.7687
              ...
            # Subtest: should stringify nested objects
            ok 3 - should stringify nested objects
              ---
              duration_ms: 0.9866
              ...
            # Subtest: should stringify empty object
            ok 4 - should stringify empty object
              ---
              duration_ms: 0.7069
              ...
            # Subtest: should stringify empty array
            ok 5 - should stringify empty array
              ---
              duration_ms: 1.1122
              ...
            # Subtest: should stringify array with mixed types
            ok 6 - should stringify array with mixed types
              ---
              duration_ms: 0.8846
              ...
            1..6
        ok 3 - object and array values
          ---
          duration_ms: 5.7365
          type: 'suite'
          ...
        # Subtest: model variable handling
            # Subtest: should handle single string model value
            ok 1 - should handle single string model value
              ---
              duration_ms: 0.8004
              ...
            # Subtest: should render array as JSON in non-quoted context
            ok 2 - should render array as JSON in non-quoted context
              ---
              duration_ms: 0.771
              ...
            # Subtest: should render array as JSON array in quoted JSON context
            ok 3 - should render array as JSON array in quoted JSON context
              ---
              duration_ms: 0.5985
              ...
            # Subtest: should handle object values in quoted JSON context
            ok 4 - should handle object values in quoted JSON context
              ---
              duration_ms: 0.5775
              ...
            # Subtest: should handle empty array in quoted JSON context
            ok 5 - should handle empty array in quoted JSON context
              ---
              duration_ms: 0.4737
              ...
            1..5
        ok 4 - model variable handling
          ---
          duration_ms: 4.4177
          type: 'suite'
          ...
        # Subtest: missing variables
            # Subtest: should throw MissingVariableError for missing variable
            ok 1 - should throw MissingVariableError for missing variable
              ---
              duration_ms: 0.7436
              ...
            # Subtest: should include variable name in MissingVariableError
            ok 2 - should include variable name in MissingVariableError
              ---
              duration_ms: 0.2578
              ...
            # Subtest: should throw MissingVariableError for first missing variable
            ok 3 - should throw MissingVariableError for first missing variable
              ---
              duration_ms: 0.2338
              ...
            # Subtest: should not throw when variable is explicitly undefined
            ok 4 - should not throw when variable is explicitly undefined
              ---
              duration_ms: 0.2377
              ...
            1..4
        ok 5 - missing variables
          ---
          duration_ms: 1.6691
          type: 'suite'
          ...
        # Subtest: circular reference detection
            # Subtest: should throw CircularReferenceError for direct circular reference
            ok 1 - should throw CircularReferenceError for direct circular reference
              ---
              duration_ms: 0.4009
              ...
            # Subtest: should include path in CircularReferenceError
            ok 2 - should include path in CircularReferenceError
              ---
              duration_ms: 0.2815
              ...
            # Subtest: should throw for self-referencing variable
            ok 3 - should throw for self-referencing variable
              ---
              duration_ms: 0.3807
              ...
            # Subtest: should throw for longer circular chain
            ok 4 - should throw for longer circular chain
              ---
              duration_ms: 0.3026
              ...
            # Subtest: should not throw for non-circular variable references
            ok 5 - should not throw for non-circular variable references
              ---
              duration_ms: 0.896
              ...
            1..5
        ok 6 - circular reference detection
          ---
          duration_ms: 2.5097
          type: 'suite'
          ...
        # Subtest: logic construct rejection
            # Subtest: should reject \#if construct
            ok 1 - should reject \#if construct
              ---
              duration_ms: 0.5511
              ...
            # Subtest: should reject \#each construct
            ok 2 - should reject \#each construct
              ---
              duration_ms: 0.3235
              ...
            # Subtest: should reject \#unless construct
            ok 3 - should reject \#unless construct
              ---
              duration_ms: 0.3457
              ...
            # Subtest: should reject \#with construct
            ok 4 - should reject \#with construct
              ---
              duration_ms: 0.2643
              ...
            # Subtest: should reject nested logic constructs
            ok 5 - should reject nested logic constructs
              ---
              duration_ms: 0.2547
              ...
            # Subtest: should include construct name in error message
            ok 6 - should include construct name in error message
              ---
              duration_ms: 0.2319
              ...
            1..6
        ok 7 - logic construct rejection
          ---
          duration_ms: 2.2455
          type: 'suite'
          ...
        # Subtest: special characters and escaping
            # Subtest: should handle variable values with special characters
            ok 1 - should handle variable values with special characters
              ---
              duration_ms: 0.8845
              ...
            # Subtest: should handle variable values with quotes
            ok 2 - should handle variable values with quotes
              ---
              duration_ms: 0.6002
              ...
            # Subtest: should handle variable values with newlines
            ok 3 - should handle variable values with newlines
              ---
              duration_ms: 0.6025
              ...
            # Subtest: should handle variable values with tabs
            ok 4 - should handle variable values with tabs
              ---
              duration_ms: 0.6345
              ...
            # Subtest: should handle empty string variable
            ok 5 - should handle empty string variable
              ---
              duration_ms: 0.753
              ...
            # Subtest: should handle HTML-like content in variable
            ok 6 - should handle HTML-like content in variable
              ---
              duration_ms: 0.7451
              ...
            1..6
        ok 8 - special characters and escaping
          ---
          duration_ms: 4.5312
          type: 'suite'
          ...
        # Subtest: template validation
            # Subtest: should validate correct template
            ok 1 - should validate correct template
              ---
              duration_ms: 0.2999
              ...
            # Subtest: should detect invalid template with logic constructs
            ok 2 - should detect invalid template with logic constructs
              ---
              duration_ms: 0.2627
              ...
            1..2
        ok 9 - template validation
          ---
          duration_ms: 0.7097
          type: 'suite'
          ...
        # Subtest: edge cases
            # Subtest: should handle empty template
            ok 1 - should handle empty template
              ---
              duration_ms: 0.613
              ...
            # Subtest: should handle template with only whitespace
            ok 2 - should handle template with only whitespace
              ---
              duration_ms: 1.773
              ...
            # Subtest: should handle very long variable value
            ok 3 - should handle very long variable value
              ---
              duration_ms: 0.7992
              ...
            # Subtest: should handle many variables in template
            ok 4 - should handle many variables in template
              ---
              duration_ms: 23.3061
              ...
            # Subtest: should handle variable names with numbers
            ok 5 - should handle variable names with numbers
              ---
              duration_ms: 0.9222
              ...
            # Subtest: should handle variable names with underscores
            ok 6 - should handle variable names with underscores
              ---
              duration_ms: 0.6042
              ...
            1..6
        ok 10 - edge cases
          ---
          duration_ms: 28.5214
          type: 'suite'
          ...
        1..10
    ok 1 - render
      ---
      duration_ms: 86.4381
      type: 'suite'
      ...
    # Subtest: _extractVariables
        # Subtest: should extract all variable names
        ok 1 - should extract all variable names
          ---
          duration_ms: 1.7516
          ...
        # Subtest: should return empty set for no variables
        ok 2 - should return empty set for no variables
          ---
          duration_ms: 0.1981
          ...
        # Subtest: should deduplicate repeated variables
        ok 3 - should deduplicate repeated variables
          ---
          duration_ms: 0.1846
          ...
        1..3
    ok 2 - _extractVariables
      ---
      duration_ms: 2.3166
      type: 'suite'
      ...
    1..2
ok 55 - TemplateEngine
  ---
  duration_ms: 89.4361
  type: 'suite'
  ...
# Subtest: VariableManager
    # Subtest: constructor
        # Subtest: should create instance with profile name
        ok 1 - should create instance with profile name
          ---
          duration_ms: 11.6855
          ...
        1..1
    ok 1 - constructor
      ---
      duration_ms: 13.5231
      type: 'suite'
      ...
    # Subtest: init
        # Subtest: should initialize and create profile directory if needed
        ok 1 - should initialize and create profile directory if needed
          ---
          duration_ms: 8.4116
          ...
        # Subtest: should load existing variables from file
        ok 2 - should load existing variables from file
          ---
          duration_ms: 11.172
          ...
        # Subtest: should start with empty variables if file does not exist
        ok 3 - should start with empty variables if file does not exist
          ---
          duration_ms: 9.8126
          ...
        # Subtest: should not re-initialize if already initialized
        ok 4 - should not re-initialize if already initialized
          ---
          duration_ms: 5.4095
          ...
        1..4
    ok 2 - init
      ---
      duration_ms: 36.4633
      type: 'suite'
      ...
    # Subtest: get
        # Subtest: should return variable value
        ok 1 - should return variable value
          ---
          duration_ms: 17.7846
          ...
        # Subtest: should return undefined for non-existent variable
        ok 2 - should return undefined for non-existent variable
          ---
          duration_ms: 3.4949
          ...
        1..2
    ok 3 - get
      ---
      duration_ms: 22.1314
      type: 'suite'
      ...
    # Subtest: set
        # Subtest: should set a string variable
        ok 1 - should set a string variable
          ---
          duration_ms: 14.3539
          ...
        # Subtest: should set a number variable
        ok 2 - should set a number variable
          ---
          duration_ms: 13.5949
          ...
        # Subtest: should set a boolean variable
        ok 3 - should set a boolean variable
          ---
          duration_ms: 15.12
          ...
        # Subtest: should set a null variable
        ok 4 - should set a null variable
          ---
          duration_ms: 10.9365
          ...
        # Subtest: should set an object variable
        ok 5 - should set an object variable
          ---
          duration_ms: 9.4594
          ...
        # Subtest: should set an array variable
        ok 6 - should set an array variable
          ---
          duration_ms: 13.7618
          ...
        # Subtest: should overwrite existing variable
        ok 7 - should overwrite existing variable
          ---
          duration_ms: 25.0434
          ...
        # Subtest: should persist variables to file
        ok 8 - should persist variables to file
          ---
          duration_ms: 9.3516
          ...
        1..8
    ok 4 - set
      ---
      duration_ms: 112.8582
      type: 'suite'
      ...
    # Subtest: list
        # Subtest: should return empty object when no variables
        ok 1 - should return empty object when no variables
          ---
          duration_ms: 3.7092
          ...
        # Subtest: should return all variables
        ok 2 - should return all variables
          ---
          duration_ms: 23.9619
          ...
        # Subtest: should return a copy, not reference
        ok 3 - should return a copy, not reference
          ---
          duration_ms: 10.123
          ...
        1..3
    ok 5 - list
      ---
      duration_ms: 38.1718
      type: 'suite'
      ...
    # Subtest: delete
        # Subtest: should delete existing variable
        ok 1 - should delete existing variable
          ---
          duration_ms: 27.6721
          ...
        # Subtest: should return false for non-existent variable
        ok 2 - should return false for non-existent variable
          ---
          duration_ms: 3.481
          ...
        # Subtest: should update file after deletion
        ok 3 - should update file after deletion
          ---
          duration_ms: 28.216
          ...
        1..3
    ok 6 - delete
      ---
      duration_ms: 59.9805
      type: 'suite'
      ...
    # Subtest: has
        # Subtest: should return true for existing variable
        ok 1 - should return true for existing variable
          ---
          duration_ms: 14.627
          ...
        # Subtest: should return false for non-existent variable
        ok 2 - should return false for non-existent variable
          ---
          duration_ms: 2.4652
          ...
        # Subtest: should return true for variable with null value
        ok 3 - should return true for variable with null value
          ---
          duration_ms: 8.8855
          ...
        1..3
    ok 7 - has
      ---
      duration_ms: 26.4242
      type: 'suite'
      ...
    # Subtest: Variable name validation
        # Subtest: should accept valid UPPER_SNAKE_CASE names
        ok 1 - should accept valid UPPER_SNAKE_CASE names
          ---
          duration_ms: 21.2399
          ...
        # Subtest: should reject lowercase variable name
        ok 2 - should reject lowercase variable name
          ---
          duration_ms: 3.4813
          ...
        # Subtest: should reject mixed case variable name
        ok 3 - should reject mixed case variable name
          ---
          duration_ms: 2.6318
          ...
        # Subtest: should reject variable name starting with number
        ok 4 - should reject variable name starting with number
          ---
          duration_ms: 2.4771
          ...
        # Subtest: should reject variable name with spaces
        ok 5 - should reject variable name with spaces
          ---
          duration_ms: 2.9467
          ...
        # Subtest: should reject variable name with hyphens
        ok 6 - should reject variable name with hyphens
          ---
          duration_ms: 3.0204
          ...
        # Subtest: should reject empty variable name
        ok 7 - should reject empty variable name
          ---
          duration_ms: 2.716
          ...
        # Subtest: should reject variable name exceeding 64 characters
        ok 8 - should reject variable name exceeding 64 characters
          ---
          duration_ms: 2.9621
          ...
        # Subtest: should accept variable name with exactly 64 characters
        ok 9 - should accept variable name with exactly 64 characters
          ---
          duration_ms: 9.4581
          ...
        1..9
    ok 8 - Variable name validation
      ---
      duration_ms: 51.69
      type: 'suite'
      ...
    # Subtest: Error handling
        # Subtest: should throw VariableValidationError with correct properties
        ok 1 - should throw VariableValidationError with correct properties
          ---
          duration_ms: 2.5425
          ...
        1..1
    ok 9 - Error handling
      ---
      duration_ms: 2.7034
      type: 'suite'
      ...
    # Subtest: JSON types support
        # Subtest: should handle nested objects
        ok 1 - should handle nested objects
          ---
          duration_ms: 10.0234
          ...
        # Subtest: should handle arrays with mixed types
        ok 2 - should handle arrays with mixed types
          ---
          duration_ms: 8.5253
          ...
        # Subtest: should handle empty object
        ok 3 - should handle empty object
          ---
          duration_ms: 8.3897
          ...
        # Subtest: should handle empty array
        ok 4 - should handle empty array
          ---
          duration_ms: 8.6783
          ...
        # Subtest: should handle special string values
        ok 5 - should handle special string values
          ---
          duration_ms: 28.7058
          ...
        # Subtest: should handle numeric values
        ok 6 - should handle numeric values
          ---
          duration_ms: 41.9163
          ...
        1..6
    ok 10 - JSON types support
      ---
      duration_ms: 106.8448
      type: 'suite'
      ...
    # Subtest: Model variable migration
        # Subtest: should convert string model value to array on initialization
        ok 1 - should convert string model value to array on initialization
          ---
          duration_ms: 18.58
          ...
        # Subtest: should save migrated array model back to file
        ok 2 - should save migrated array model back to file
          ---
          duration_ms: 9.4214
          ...
        # Subtest: should leave existing array model unchanged
        ok 3 - should leave existing array model unchanged
          ---
          duration_ms: 4.7176
          ...
        # Subtest: should deduplicate array model values during migration
        ok 4 - should deduplicate array model values during migration
          ---
          duration_ms: 4.369
          ...
        # Subtest: should preserve other variables during migration
        ok 5 - should preserve other variables during migration
          ---
          duration_ms: 10.3603
          ...
        # Subtest: should do nothing if no model variable exists
        ok 6 - should do nothing if no model variable exists
          ---
          duration_ms: 4.5613
          ...
        1..6
    ok 11 - Model variable migration
      ---
      duration_ms: 52.5506
      type: 'suite'
      ...
    1..11
ok 56 - VariableManager
  ---
  duration_ms: 525.1969
  type: 'suite'
  ...
# Subtest: Dashboard Memory Statistics
    # Subtest: should record TTFB and duration for successful requests
    ok 1 - should record TTFB and duration for successful requests
      ---
      duration_ms: 1.9375
      ...
    # Subtest: should correctly mark errors
    ok 2 - should correctly mark errors
      ---
      duration_ms: 0.5934
      ...
    1..2
ok 57 - Dashboard Memory Statistics
  ---
  duration_ms: 3.9387
  type: 'suite'
  ...
# ⚠ All upstreams filtered out, falling back to failed provider: upstream-a
# ⚠ isAvailable callback threw error: Circuit breaker check failed, skipping filter
# Subtest: failoverStickySession Filter
    # Subtest: should filter out circuit-broken upstreams when isAvailable provided
    ok 1 - should filter out circuit-broken upstreams when isAvailable provided
      ---
      duration_ms: 2.2383
      ...
    # Subtest: should be backward compatible when no callback provided
    ok 2 - should be backward compatible when no callback provided
      ---
      duration_ms: 0.507
      ...
    # Subtest: should fallback to failed provider when all upstreams filtered out
    ok 3 - should fallback to failed provider when all upstreams filtered out
      ---
      duration_ms: 1.5139
      ...
    # Subtest: should skip filter and log warning when callback throws
    ok 4 - should skip filter and log warning when callback throws
      ---
      duration_ms: 0.7006
      ...
    1..4
ok 58 - failoverStickySession Filter
  ---
  duration_ms: 6.5598
  type: 'suite'
  ...
# Subtest: parseLogLine
    # Subtest: should parse log line with ttfb field
    ok 1 - should parse log line with ttfb field
      ---
      duration_ms: 3.1731
      ...
    # Subtest: should parse log line without ttfb (backward compatible)
    ok 2 - should parse log line without ttfb (backward compatible)
      ---
      duration_ms: 0.3314
      ...
    # Subtest: should parse log line with ttfb=0
    ok 3 - should parse log line with ttfb=0
      ---
      duration_ms: 0.2142
      ...
    # Subtest: should parse log line with large ttfb value
    ok 4 - should parse log line with large ttfb value
      ---
      duration_ms: 0.3551
      ...
    # Subtest: should parse log line with session id and ttfb
    ok 5 - should parse log line with session id and ttfb
      ---
      duration_ms: 0.2499
      ...
    # Subtest: should return null for invalid log line
    ok 6 - should return null for invalid log line
      ---
      duration_ms: 0.19
      ...
    # Subtest: should parse log line with error status and ttfb
    ok 7 - should parse log line with error status and ttfb
      ---
      duration_ms: 0.295
      ...
    1..7
ok 59 - parseLogLine
  ---
  duration_ms: 7.4093
  type: 'suite'
  ...
# Subtest: calculatePercentile
    # Subtest: should calculate p95 correctly
    ok 1 - should calculate p95 correctly
      ---
      duration_ms: 0.4802
      ...
    # Subtest: should calculate p99 correctly
    ok 2 - should calculate p99 correctly
      ---
      duration_ms: 0.3591
      ...
    # Subtest: should calculate p50 (median)
    ok 3 - should calculate p50 (median)
      ---
      duration_ms: 0.4109
      ...
    # Subtest: should return 0 for empty array
    ok 4 - should return 0 for empty array
      ---
      duration_ms: 0.1821
      ...
    # Subtest: should return the only element for single-element array
    ok 5 - should return the only element for single-element array
      ---
      duration_ms: 0.1715
      ...
    # Subtest: should handle two-element array
    ok 6 - should handle two-element array
      ---
      duration_ms: 0.1542
      ...
    # Subtest: should work with ttfb-like values
    ok 7 - should work with ttfb-like values
      ---
      duration_ms: 0.1847
      ...
    1..7
ok 60 - calculatePercentile
  ---
  duration_ms: 2.658
  type: 'suite'
  ...
# Subtest: generateStats – ttfb fields
    # Subtest: should include ttfb stats (avgTtfb, ttfbP95, ttfbP99) in output
    ok 1 - should include ttfb stats (avgTtfb, ttfbP95, ttfbP99) in output
      ---
      duration_ms: 24.87
      ...
    # Subtest: should calculate correct ttfb avg/p95/p99 values
    ok 2 - should calculate correct ttfb avg/p95/p99 values
      ---
      duration_ms: 9.3466
      ...
    # Subtest: should handle mixed logs (some with ttfb, some without)
    ok 3 - should handle mixed logs (some with ttfb, some without)
      ---
      duration_ms: 7.1482
      ...
    # Subtest: should return empty array when no log file exists
    ok 4 - should return empty array when no log file exists
      ---
      duration_ms: 1.5821
      ...
    # Subtest: should handle logs without ttfb field (backward compatible, avgTtfb=0)
    ok 5 - should handle logs without ttfb field (backward compatible, avgTtfb=0)
      ---
      duration_ms: 16.5844
      ...
    1..5
ok 61 - generateStats – ttfb fields
  ---
  duration_ms: 67.5243
  type: 'suite'
  ...
# Subtest: ModelSelector tests require ESM module mocking which is not supported in Node.js
ok 62 - ModelSelector tests require ESM module mocking which is not supported in Node.js # SKIP
  ---
  duration_ms: 1.3217
  ...
# Subtest: Upgrade Command
    # Subtest: Module exports
        # Subtest: upgradeAction exists and is exported
        ok 1 - upgradeAction exists and is exported
          ---
          duration_ms: 30.2091
          ...
        # Subtest: registerUpgradeCommand exists and is exported
        ok 2 - registerUpgradeCommand exists and is exported
          ---
          duration_ms: 0.7041
          ...
        1..2
    ok 1 - Module exports
      ---
      duration_ms: 32.3454
      type: 'suite'
      ...
    # Subtest: registerUpgradeCommand
        # Subtest: registers the command
        ok 1 - registers the command
          ---
          duration_ms: 0.9693
          ...
        1..1
    ok 2 - registerUpgradeCommand
      ---
      duration_ms: 1.1665
      type: 'suite'
      ...
    1..2
ok 63 - Upgrade Command
  ---
  duration_ms: 34.5787
  type: 'suite'
  ...
# Subtest: Errors
    # Subtest: OosError
        # Subtest: should create OosError with correct properties
        ok 1 - should create OosError with correct properties
          ---
          duration_ms: 1.1606
          ...
        1..1
    ok 1 - OosError
      ---
      duration_ms: 2.2258
      type: 'suite'
      ...
    # Subtest: ConfigError
        # Subtest: should create ConfigError with correct default values
        ok 1 - should create ConfigError with correct default values
          ---
          duration_ms: 0.3272
          ...
        1..1
    ok 2 - ConfigError
      ---
      duration_ms: 0.4959
      type: 'suite'
      ...
    # Subtest: ProfileError
        # Subtest: should create ProfileError with correct default values
        ok 1 - should create ProfileError with correct default values
          ---
          duration_ms: 0.4336
          ...
        1..1
    ok 3 - ProfileError
      ---
      duration_ms: 0.6214
      type: 'suite'
      ...
    # Subtest: FileSystemError
        # Subtest: should create FileSystemError with correct default values
        ok 1 - should create FileSystemError with correct default values
          ---
          duration_ms: 0.4756
          ...
        1..1
    ok 4 - FileSystemError
      ---
      duration_ms: 0.7429
      type: 'suite'
      ...
    # Subtest: MissingVariableError
        # Subtest: should create MissingVariableError with correct properties
        ok 1 - should create MissingVariableError with correct properties
          ---
          duration_ms: 0.5505
          ...
        # Subtest: should inherit from OosError
        ok 2 - should inherit from OosError
          ---
          duration_ms: 1.0606
          ...
        1..2
    ok 5 - MissingVariableError
      ---
      duration_ms: 1.9252
      type: 'suite'
      ...
    # Subtest: CircularReferenceError
        # Subtest: should create CircularReferenceError with correct properties
        ok 1 - should create CircularReferenceError with correct properties
          ---
          duration_ms: 0.9965
          ...
        # Subtest: should inherit from OosError
        ok 2 - should inherit from OosError
          ---
          duration_ms: 0.2081
          ...
        1..2
    ok 6 - CircularReferenceError
      ---
      duration_ms: 1.4519
      type: 'suite'
      ...
    # Subtest: TemplateSyntaxError
        # Subtest: should create TemplateSyntaxError with correct properties
        ok 1 - should create TemplateSyntaxError with correct properties
          ---
          duration_ms: 0.39
          ...
        # Subtest: should accept object position
        ok 2 - should accept object position
          ---
          duration_ms: 0.4973
          ...
        # Subtest: should inherit from OosError
        ok 3 - should inherit from OosError
          ---
          duration_ms: 0.2162
          ...
        1..3
    ok 7 - TemplateSyntaxError
      ---
      duration_ms: 1.2919
      type: 'suite'
      ...
    # Subtest: VariableValidationError
        # Subtest: should create VariableValidationError with correct properties
        ok 1 - should create VariableValidationError with correct properties
          ---
          duration_ms: 0.2416
          ...
        # Subtest: should inherit from OosError
        ok 2 - should inherit from OosError
          ---
          duration_ms: 0.1831
          ...
        1..2
    ok 8 - VariableValidationError
      ---
      duration_ms: 0.5757
      type: 'suite'
      ...
    1..8
ok 64 - Errors
  ---
  duration_ms: 10.9759
  type: 'suite'
  ...
# Subtest: Validators
    # Subtest: validateProfileName
        # Subtest: should validate valid profile names
        ok 1 - should validate valid profile names
          ---
          duration_ms: 1.9466
          ...
        # Subtest: should reject invalid profile names
        ok 2 - should reject invalid profile names
          ---
          duration_ms: 1.088
          ...
        1..2
    ok 1 - validateProfileName
      ---
      duration_ms: 3.2066
      type: 'suite'
      ...
    # Subtest: validateProfilesMetadata
        # Subtest: should validate valid profiles metadata
        ok 1 - should validate valid profiles metadata
          ---
          duration_ms: 1.0709
          ...
        # Subtest: should reject invalid profiles metadata
        ok 2 - should reject invalid profiles metadata
          ---
          duration_ms: 0.7289
          ...
        1..2
    ok 2 - validateProfilesMetadata
      ---
      duration_ms: 1.998
      type: 'suite'
      ...
    # Subtest: validateVariableName
        # Subtest: should validate valid variable names
        ok 1 - should validate valid variable names
          ---
          duration_ms: 0.4813
          ...
        # Subtest: should reject invalid variable names
        ok 2 - should reject invalid variable names
          ---
          duration_ms: 0.6516
          ...
        # Subtest: should return proper error message
        ok 3 - should return proper error message
          ---
          duration_ms: 0.6076
          ...
        1..3
    ok 3 - validateVariableName
      ---
      duration_ms: 1.9882
      type: 'suite'
      ...
    1..3
ok 65 - Validators
  ---
  duration_ms: 7.514
  type: 'suite'
  ...
# Subtest: Paths utilities
    # Subtest: getBaseConfigDir
        # Subtest: should return base config directory
        ok 1 - should return base config directory
          ---
          duration_ms: 0.9779
          ...
        1..1
    ok 1 - getBaseConfigDir
      ---
      duration_ms: 1.882
      type: 'suite'
      ...
    # Subtest: getOosDir
        # Subtest: should return OOS storage directory
        ok 1 - should return OOS storage directory
          ---
          duration_ms: 0.3039
          ...
        1..1
    ok 2 - getOosDir
      ---
      duration_ms: 0.4836
      type: 'suite'
      ...
    # Subtest: getProfilesDir
        # Subtest: should return profiles directory
        ok 1 - should return profiles directory
          ---
          duration_ms: 0.4052
          ...
        1..1
    ok 3 - getProfilesDir
      ---
      duration_ms: 0.5908
      type: 'suite'
      ...
    # Subtest: getProfilesMetadataPath
        # Subtest: should return profiles metadata path
        ok 1 - should return profiles metadata path
          ---
          duration_ms: 0.3957
          ...
        1..1
    ok 4 - getProfilesMetadataPath
      ---
      duration_ms: 0.5511
      type: 'suite'
      ...
    # Subtest: getSourceConfigPath
        # Subtest: should return source config path
        ok 1 - should return source config path
          ---
          duration_ms: 0.417
          ...
        1..1
    ok 5 - getSourceConfigPath
      ---
      duration_ms: 0.6386
      type: 'suite'
      ...
    # Subtest: getProfileDirPath
        # Subtest: should return profile directory path
        ok 1 - should return profile directory path
          ---
          duration_ms: 0.2302
          ...
        1..1
    ok 6 - getProfileDirPath
      ---
      duration_ms: 0.3616
      type: 'suite'
      ...
    # Subtest: getTemplatePath
        # Subtest: should return template path for a profile
        ok 1 - should return template path for a profile
          ---
          duration_ms: 2.1777
          ...
        # Subtest: should handle different profile names
        ok 2 - should handle different profile names
          ---
          duration_ms: 0.2348
          ...
        1..2
    ok 7 - getTemplatePath
      ---
      duration_ms: 2.6174
      type: 'suite'
      ...
    # Subtest: getVariablesPath
        # Subtest: should return variables path for a profile
        ok 1 - should return variables path for a profile
          ---
          duration_ms: 0.4237
          ...
        # Subtest: should handle different profile names
        ok 2 - should handle different profile names
          ---
          duration_ms: 0.5106
          ...
        1..2
    ok 8 - getVariablesPath
      ---
      duration_ms: 1.0885
      type: 'suite'
      ...
    # Subtest: hasTemplate
        # Subtest: should return true when template.json exists
        ok 1 - should return true when template.json exists
          ---
          duration_ms: 33.0652
          ...
        # Subtest: should return false when template.json does not exist
        ok 2 - should return false when template.json does not exist
          ---
          duration_ms: 4.4039
          ...
        1..2
    ok 9 - hasTemplate
      ---
      duration_ms: 37.9021
      type: 'suite'
      ...
    # Subtest: hasVariables
        # Subtest: should return true when variables.json exists
        ok 1 - should return true when variables.json exists
          ---
          duration_ms: 7.2859
          ...
        # Subtest: should return false when variables.json does not exist
        ok 2 - should return false when variables.json does not exist
          ---
          duration_ms: 2.9589
          ...
        1..2
    ok 10 - hasVariables
      ---
      duration_ms: 10.7169
      type: 'suite'
      ...
    1..10
ok 66 - Paths utilities
  ---
  duration_ms: 58.7636
  type: 'suite'
  ...
# Subtest: Provider Discovery
    # Subtest: getPackagesToTry
        # Subtest: should infer correct packages for kimi-for-coding
        not ok 1 - should infer correct packages for kimi-for-coding
          ---
          duration_ms: 2.928
          location: 'D:\\projects\\code\\oh-my-opencode-switch\\tests\\unit\\utils\\provider-discovery.test.js:18:5'
          failureType: 'testCodeFailure'
          error: 'getPackagesToTry is not a function'
          code: 'ERR_TEST_FAILURE'
          name: 'TypeError'
          stack: |-
            TestContext.<anonymous> (file:///D:/projects/code/oh-my-opencode-switch/tests/unit/utils/provider-discovery.test.js:19:24)
            Test.runInAsyncScope (node:async_hooks:211:14)
            Test.run (node:internal/test_runner/test:931:25)
            async Promise.all (index 0)
            async Suite.run (node:internal/test_runner/test:1310:7)
            async Promise.all (index 0)
            async Suite.run (node:internal/test_runner/test:1310:7)
            async startSubtestAfterBootstrap (node:internal/test_runner/harness:296:3)
          ...
        # Subtest: should infer correct packages for deepseek-coder
        not ok 2 - should infer correct packages for deepseek-coder
          ---
          duration_ms: 0.9788
          location: 'D:\\projects\\code\\oh-my-opencode-switch\\tests\\unit\\utils\\provider-discovery.test.js:25:5'
          failureType: 'testCodeFailure'
          error: 'getPackagesToTry is not a function'
          code: 'ERR_TEST_FAILURE'
          name: 'TypeError'
          stack: |-
            TestContext.<anonymous> (file:///D:/projects/code/oh-my-opencode-switch/tests/unit/utils/provider-discovery.test.js:26:24)
            Test.runInAsyncScope (node:async_hooks:211:14)
            Test.run (node:internal/test_runner/test:931:25)
            async Suite.processPendingSubtests (node:internal/test_runner/test:629:7)
          ...
        # Subtest: should infer correct packages for zhipuai
        not ok 3 - should infer correct packages for zhipuai
          ---
          duration_ms: 1.1892
          location: 'D:\\projects\\code\\oh-my-opencode-switch\\tests\\unit\\utils\\provider-discovery.test.js:30:5'
          failureType: 'testCodeFailure'
          error: 'getPackagesToTry is not a function'
          code: 'ERR_TEST_FAILURE'
          name: 'TypeError'
          stack: |-
            TestContext.<anonymous> (file:///D:/projects/code/oh-my-opencode-switch/tests/unit/utils/provider-discovery.test.js:31:24)
            Test.runInAsyncScope (node:async_hooks:211:14)
            Test.run (node:internal/test_runner/test:931:25)
            async Suite.processPendingSubtests (node:internal/test_runner/test:629:7)
          ...
        1..3
    not ok 1 - getPackagesToTry
      ---
      duration_ms: 6.6695
      type: 'suite'
      location: 'D:\\projects\\code\\oh-my-opencode-switch\\tests\\unit\\utils\\provider-discovery.test.js:17:3'
      failureType: 'subtestsFailed'
      error: '3 subtests failed'
      code: 'ERR_TEST_FAILURE'
      stack: |-
        async Promise.all (index 0)
      ...
    # Subtest: discoverProviderBaseURL
        # Subtest: should discover baseURL for kimi-for-coding from npm
        not ok 1 - should discover baseURL for kimi-for-coding from npm
          ---
          duration_ms: 0
          location: 'D:\\projects\\code\\oh-my-opencode-switch\\tests\\unit\\utils\\provider-discovery.test.js:37:5'
          failureType: 'cancelledByParent'
          error: 'test did not finish before its parent and was cancelled'
          code: 'ERR_TEST_FAILURE'
          ...
        # Subtest: should cache discovered baseURL
        not ok 2 - should cache discovered baseURL
          ---
          duration_ms: 0
          location: 'D:\\projects\\code\\oh-my-opencode-switch\\tests\\unit\\utils\\provider-discovery.test.js:54:5'
          failureType: 'cancelledByParent'
          error: 'test did not finish before its parent and was cancelled'
          code: 'ERR_TEST_FAILURE'
          ...
        # Subtest: should return null for unknown provider
        not ok 3 - should return null for unknown provider
          ---
          duration_ms: 0
          location: 'D:\\projects\\code\\oh-my-opencode-switch\\tests\\unit\\utils\\provider-discovery.test.js:74:5'
          failureType: 'cancelledByParent'
          error: 'test did not finish before its parent and was cancelled'
          code: 'ERR_TEST_FAILURE'
          ...
        # Subtest: should handle timeout gracefully
        not ok 4 - should handle timeout gracefully
          ---
          duration_ms: 0
          location: 'D:\\projects\\code\\oh-my-opencode-switch\\tests\\unit\\utils\\provider-discovery.test.js:83:5'
          failureType: 'cancelledByParent'
          error: 'test did not finish before its parent and was cancelled'
          code: 'ERR_TEST_FAILURE'
          ...
        1..4
    not ok 2 - discoverProviderBaseURL
      ---
      duration_ms: 0.1195
      type: 'suite'
      location: 'D:\\projects\\code\\oh-my-opencode-switch\\tests\\unit\\utils\\provider-discovery.test.js:36:3'
      failureType: 'testCodeFailure'
      error: 'it(...).timeout is not a function'
      code: 'ERR_TEST_FAILURE'
      name: 'TypeError'
      stack: |-
        SuiteContext.<anonymous> (file:///D:/projects/code/oh-my-opencode-switch/tests/unit/utils/provider-discovery.test.js:103:8)
        Suite.runInAsyncScope (node:async_hooks:211:14)
        Suite.createBuild (node:internal/test_runner/test:1270:13)
        new Suite (node:internal/test_runner/test:1261:28)
        Suite.createSubtest (node:internal/test_runner/test:693:18)
        run (node:internal/test_runner/harness:302:28)
        test (node:internal/test_runner/harness:316:12)
        SuiteContext.<anonymous> (file:///D:/projects/code/oh-my-opencode-switch/tests/unit/utils/provider-discovery.test.js:36:3)
        Suite.runInAsyncScope (node:async_hooks:211:14)
        Suite.createBuild (node:internal/test_runner/test:1270:13)
      ...
    1..2
not ok 67 - Provider Discovery
  ---
  duration_ms: 8.6725
  type: 'suite'
  location: 'D:\\projects\\code\\oh-my-opencode-switch\\tests\\unit\\utils\\provider-discovery.test.js:8:1'
  failureType: 'subtestsFailed'
  error: '2 subtests failed'
  code: 'ERR_TEST_FAILURE'
  ...
# Subtest: HourlyErrorTracker
    # Subtest: getHourKey
        # Subtest: should generate correct hour key in YYYY-MM-DD-HH format
        ok 1 - should generate correct hour key in YYYY-MM-DD-HH format
          ---
          duration_ms: 12.1921
          ...
        1..1
    ok 1 - getHourKey
      ---
      duration_ms: 13.7994
      type: 'suite'
      ...
    # Subtest: recordSuccess and recordFailure
        # Subtest: should record successful requests correctly
        ok 1 - should record successful requests correctly
          ---
          duration_ms: 4.0117
          ...
        # Subtest: should record failed requests correctly
        ok 2 - should record failed requests correctly
          ---
          duration_ms: 2.5219
          ...
        # Subtest: should accumulate multiple successes and failures
        ok 3 - should accumulate multiple successes and failures
          ---
          duration_ms: 2.2642
          ...
        1..3
    ok 2 - recordSuccess and recordFailure
      ---
      duration_ms: 9.7061
      type: 'suite'
      ...
    # Subtest: calculateHourlyErrorRate
        # Subtest: should calculate correct error rate for a specific hour across multiple days
        ok 1 - should calculate correct error rate for a specific hour across multiple days
          ---
          duration_ms: 2.4481
          ...
        # Subtest: should return insufficient data when less than required days
        ok 2 - should return insufficient data when less than required days
          ---
          duration_ms: 1.5568
          ...
        # Subtest: should return zero error rate for unknown provider
        ok 3 - should return zero error rate for unknown provider
          ---
          duration_ms: 1.0884
          ...
        1..3
    ok 3 - calculateHourlyErrorRate
      ---
      duration_ms: 5.7386
      type: 'suite'
      ...
    # Subtest: calculateTotalErrorRate
        # Subtest: should calculate total error rate across all hours for last N days
        ok 1 - should calculate total error rate across all hours for last N days
          ---
          duration_ms: 3.546
          ...
        # Subtest: should return zero error rate for provider with no data
        ok 2 - should return zero error rate for provider with no data
          ---
          duration_ms: 1.899
          ...
        1..2
    ok 4 - calculateTotalErrorRate
      ---
      duration_ms: 5.7536
      type: 'suite'
      ...
    # Subtest: persistence
        # Subtest: should save and load data correctly
        ok 1 - should save and load data correctly
          ---
          duration_ms: 17.0597
          ...
        1..1
    ok 5 - persistence
      ---
      duration_ms: 17.3052
      type: 'suite'
      ...
    # Subtest: cleanup
        # Subtest: should remove data older than specified days
        ok 1 - should remove data older than specified days
          ---
          duration_ms: 1.7883
          ...
        1..1
    ok 6 - cleanup
      ---
      duration_ms: 1.9555
      type: 'suite'
      ...
    # Subtest: reset
        # Subtest: should clear all data
        ok 1 - should clear all data
          ---
          duration_ms: 1.359
          ...
        1..1
    ok 7 - reset
      ---
      duration_ms: 1.6433
      type: 'suite'
      ...
    1..7
ok 68 - HourlyErrorTracker
  ---
  duration_ms: 57.9121
  type: 'suite'
  ...
# Subtest: TimeSlotWeightCalculator
    # Subtest: getTimeSlotWeight
        # Subtest: should return 1.0 for providers with total error rate < 1%
        ok 1 - should return 1.0 for providers with total error rate < 1%
          ---
          duration_ms: 102.6548
          ...
        # Subtest: should return 0.5 for danger zones (error rate > 5%)
        ok 2 - should return 0.5 for danger zones (error rate > 5%)
          ---
          duration_ms: 1.2514
          ...
        # Subtest: should return 2.0 for normal zones (error rate <= 5%)
        ok 3 - should return 2.0 for normal zones (error rate <= 5%)
          ---
          duration_ms: 2.8189
          ...
        # Subtest: should return 1.0 for insufficient data
        ok 4 - should return 1.0 for insufficient data
          ---
          duration_ms: 0.2393
          ...
        1..4
    ok 1 - getTimeSlotWeight
      ---
      duration_ms: 107.2274
      type: 'suite'
      ...
    # Subtest: config updates
        # Subtest: should allow overriding config parameters
        ok 1 - should allow overriding config parameters
          ---
          duration_ms: 1.2562
          ...
        1..1
    ok 2 - config updates
      ---
      duration_ms: 1.3908
      type: 'suite'
      ...
    # Subtest: getAllHourWeights
        # Subtest: should return weights for all 24 hours
        ok 1 - should return weights for all 24 hours
          ---
          duration_ms: 10.3645
          ...
        1..1
    ok 3 - getAllHourWeights
      ---
      duration_ms: 10.4957
      type: 'suite'
      ...
    1..3
ok 69 - TimeSlotWeightCalculator
  ---
  duration_ms: 119.5891
  type: 'suite'
  ...
# Subtest: variableNameSchema
    # Subtest: valid names
        # Subtest: should accept simple UPPER_SNAKE_CASE name
        ok 1 - should accept simple UPPER_SNAKE_CASE name
          ---
          duration_ms: 2.0914
          ...
        # Subtest: should accept name with numbers
        ok 2 - should accept name with numbers
          ---
          duration_ms: 0.2969
          ...
        # Subtest: should accept single letter name
        ok 3 - should accept single letter name
          ---
          duration_ms: 0.5455
          ...
        # Subtest: should accept name with multiple underscores
        ok 4 - should accept name with multiple underscores
          ---
          duration_ms: 0.2186
          ...
        # Subtest: should accept max length 64 characters
        ok 5 - should accept max length 64 characters
          ---
          duration_ms: 0.2097
          ...
        1..5
    ok 1 - valid names
      ---
      duration_ms: 4.8402
      type: 'suite'
      ...
    # Subtest: invalid names
        # Subtest: should reject empty string
        ok 1 - should reject empty string
          ---
          duration_ms: 0.8948
          ...
        # Subtest: should reject lowercase letters
        ok 2 - should reject lowercase letters
          ---
          duration_ms: 0.2637
          ...
        # Subtest: should reject name starting with number
        ok 3 - should reject name starting with number
          ---
          duration_ms: 1.2209
          ...
        # Subtest: should reject name starting with underscore
        ok 4 - should reject name starting with underscore
          ---
          duration_ms: 0.3544
          ...
        # Subtest: should reject name with spaces
        ok 5 - should reject name with spaces
          ---
          duration_ms: 0.4207
          ...
        # Subtest: should reject name with special characters
        ok 6 - should reject name with special characters
          ---
          duration_ms: 0.175
          ...
        # Subtest: should reject name exceeding 64 characters
        ok 7 - should reject name exceeding 64 characters
          ---
          duration_ms: 0.1931
          ...
        # Subtest: should reject mixed case
        ok 8 - should reject mixed case
          ---
          duration_ms: 0.2429
          ...
        1..8
    ok 2 - invalid names
      ---
      duration_ms: 4.3559
      type: 'suite'
      ...
    1..2
ok 70 - variableNameSchema
  ---
  duration_ms: 9.8795
  type: 'suite'
  ...
# Subtest: validateVariableName
    # Subtest: should return success for valid name
    ok 1 - should return success for valid name
      ---
      duration_ms: 0.9418
      ...
    # Subtest: should return error for invalid name
    ok 2 - should return error for invalid name
      ---
      duration_ms: 0.4726
      ...
    # Subtest: should return error for empty string
    ok 3 - should return error for empty string
      ---
      duration_ms: 0.2292
      ...
    # Subtest: should return error for non-string input
    ok 4 - should return error for non-string input
      ---
      duration_ms: 0.5588
      ...
    1..4
ok 71 - validateVariableName
  ---
  duration_ms: 2.4257
  type: 'suite'
  ...
# Subtest: modelValueSchema
    # Subtest: valid values
        # Subtest: should accept single string model
        ok 1 - should accept single string model
          ---
          duration_ms: 0.7236
          ...
        # Subtest: should accept array of models
        ok 2 - should accept array of models
          ---
          duration_ms: 0.5685
          ...
        1..2
    ok 1 - valid values
      ---
      duration_ms: 1.4265
      type: 'suite'
      ...
    # Subtest: invalid values
        # Subtest: should reject empty string
        ok 1 - should reject empty string
          ---
          duration_ms: 0.4028
          ...
        # Subtest: should reject whitespace only string
        ok 2 - should reject whitespace only string
          ---
          duration_ms: 0.229
          ...
        # Subtest: should reject empty array
        ok 3 - should reject empty array
          ---
          duration_ms: 0.2037
          ...
        # Subtest: should reject array with empty string
        ok 4 - should reject array with empty string
          ---
          duration_ms: 0.3321
          ...
        # Subtest: should reject array with whitespace only string
        ok 5 - should reject array with whitespace only string
          ---
          duration_ms: 0.2765
          ...
        # Subtest: should reject array with non-string elements
        ok 6 - should reject array with non-string elements
          ---
          duration_ms: 0.5165
          ...
        1..6
    ok 2 - invalid values
      ---
      duration_ms: 2.2454
      type: 'suite'
      ...
    1..2
ok 72 - modelValueSchema
  ---
  duration_ms: 4.1121
  type: 'suite'
  ...
# Subtest: validateModelValue
    # Subtest: should return success for single string model
    ok 1 - should return success for single string model
      ---
      duration_ms: 0.8995
      ...
    # Subtest: should return success for array of models
    ok 2 - should return success for array of models
      ---
      duration_ms: 0.3048
      ...
    # Subtest: should deduplicate duplicate elements in array
    ok 3 - should deduplicate duplicate elements in array
      ---
      duration_ms: 0.401
      ...
    # Subtest: should return error for empty string
    ok 4 - should return error for empty string
      ---
      duration_ms: 0.5593
      ...
    # Subtest: should return error for whitespace only string
    ok 5 - should return error for whitespace only string
      ---
      duration_ms: 0.2116
      ...
    # Subtest: should return error for empty array
    ok 6 - should return error for empty array
      ---
      duration_ms: 0.4039
      ...
    # Subtest: should return error for array with empty string
    ok 7 - should return error for array with empty string
      ---
      duration_ms: 0.3261
      ...
    # Subtest: should return error for array with whitespace only string
    ok 8 - should return error for array with whitespace only string
      ---
      duration_ms: 0.2769
      ...
    # Subtest: should return error for non-string/array input
    ok 9 - should return error for non-string/array input
      ---
      duration_ms: 0.2256
      ...
    1..9
ok 73 - validateModelValue
  ---
  duration_ms: 4.0442
  type: 'suite'
  ...
1..73
# tests 609
# suites 175
# pass 596
# fail 8
# cancelled 4
# skipped 1
# todo 0
# duration_ms 8007.6995
